Nov  5 08:12:48 localhost sshd[22736]: PAM 2 more authentication failures; logname= uid=0 euid=0 tty=ssh ruser= rhost=123.244.9.74  user=root
Nov  5 08:12:50 localhost sshd[22747]: reverse mapping checking getaddrinfo for 74.9.244.123.broad.tl.ln.dynamic.163data.com.cn [123.244.9.74] failed - POSSIBLE BREAK-IN ATTEMPT!
Nov  5 08:12:50 localhost unix_chkpwd[22751]: password check failed for user (root)
Nov  5 08:12:50 localhost sshd[22747]: pam_unix(sshd:auth): authentication failure; logname= uid=0 euid=0 tty=ssh ruser= rhost=123.244.9.74  user=root
Nov  5 08:12:50 localhost sshd[22740]: Failed password for root from 121.18.238.125 port 54404 ssh2
Nov  5 08:12:50 localhost sshd[22741]: Received disconnect from 121.18.238.125: 11: 
Nov  5 08:12:50 localhost sshd[22740]: PAM 2 more authentication failures; logname= uid=0 euid=0 tty=ssh ruser= rhost=121.18.238.125  user=root
Nov  5 08:12:50 localhost sshd[22749]: Invalid user test from 177.136.186.164
Nov  5 08:12:50 localhost sshd[22750]: input_userauth_request: invalid user test
Nov  5 08:12:50 localhost sshd[22749]: pam_unix(sshd:auth): check pass; user unknown
Nov  5 08:12:50 localhost sshd[22749]: pam_unix(sshd:auth): authentication failure; logname= uid=0 euid=0 tty=ssh ruser= rhost=164-186-136-177.grvtelecom.com.br 
Nov  5 08:12:50 localhost sshd[22749]: pam_succeed_if(sshd:auth): error retrieving information about user test
Nov  5 08:12:52 localhost sshd[22747]: Failed password for root from 123.244.9.74 port 34954 ssh2
Nov  5 08:12:52 localhost unix_chkpwd[22752]: password check failed for user (root)
Nov  5 08:12:53 localhost sshd[22749]: Failed password for invalid user test from 177.136.186.164 port 17161 ssh2
Nov  5 08:12:53 localhost sshd[22749]: pam_unix(sshd:auth): check pass; user unknown
Nov  5 08:12:53 localhost sshd[22749]: pam_succeed_if(sshd:auth): error retrieving information about user test
Nov  5 08:12:54 localhost sshd[22747]: Failed password for root from 123.244.9.74 port 34954 ssh2
Nov  5 08:12:55 localhost unix_chkpwd[22753]: password check failed for user (root)
Nov  5 08:12:55 localhost sshd[22749]: Failed password for invalid user test from 177.136.186.164 port 17161 ssh2
Nov  5 08:12:55 localhost sshd[22749]: pam_unix(sshd:auth): check pass; user unknown
Nov  5 08:12:55 localhost sshd[22749]: pam_succeed_if(sshd:auth): error retrieving information about user test
Nov  5 08:12:57 localhost sshd[22747]: Failed password for root from 123.244.9.74 port 34954 ssh2
Nov  5 08:12:57 localhost sshd[22748]: Received disconnect from 123.244.9.74: 11: 
Nov  5 08:12:57 localhost sshd[22747]: PAM 2 more authentication failures; logname= uid=0 euid=0 tty=ssh ruser= rhost=123.244.9.74  user=root
Nov  5 08:12:58 localhost sshd[22749]: Failed password for invalid user test from 177.136.186.164 port 17161 ssh2
Nov  5 08:12:58 localhost sshd[22750]: Connection closed by 177.136.186.164
Nov  5 08:12:58 localhost sshd[22749]: PAM 2 more authentication failures; logname= uid=0 euid=0 tty=ssh ruser= rhost=164-186-136-177.grvtelecom.com.br 
Nov  5 08:13:01 localhost sshd[22754]: reverse mapping checking getaddrinfo for 74.9.244.123.broad.tl.ln.dynamic.163data.com.cn [123.244.9.74] failed - POSSIBLE BREAK-IN ATTEMPT!
Nov  5 08:13:01 localhost unix_chkpwd[22756]: password check failed for user (root)
Nov  5 08:13:01 localhost sshd[22754]: pam_unix(sshd:auth): authentication failure; logname= uid=0 euid=0 tty=ssh ruser= rhost=123.244.9.74  user=root
Nov  5 08:13:03 localhost sshd[22754]: Failed password for root from 123.244.9.74 port 47094 ssh2
Nov  5 08:13:03 localhost unix_chkpwd[22757]: password check failed for user (root)
Nov  5 08:13:05 localhost sshd[22754]: Failed password for root from 123.244.9.74 port 47094 ssh2
Nov  5 08:13:06 localhost unix_chkpwd[22758]: password check failed for user (root)
Nov  5 08:13:09 localhost sshd[22754]: Failed password for root from 123.244.9.74 port 47094 ssh2
Nov  5 08:13:09 localhost sshd[22755]: Received disconnect from 123.244.9.74: 11: 
Nov  5 08:13:09 localhost sshd[22754]: PAM 2 more authentication failures; logname= uid=0 euid=0 tty=ssh ruser= rhost=123.244.9.74  user=root
Nov  5 08:13:14 localhost sshd[22759]: reverse mapping checking getaddrinfo for 74.9.244.123.broad.tl.ln.dynamic.163data.com.cn [123.244.9.74] failed - POSSIBLE BREAK-IN ATTEMPT!
Nov  5 08:13:14 localhost unix_chkpwd[22761]: password check failed for user (root)
Nov  5 08:13:14 localhost sshd[22759]: pam_unix(sshd:auth): authentication failure; logname= uid=0 euid=0 tty=ssh ruser= rhost=123.244.9.74  user=root
Nov  5 08:13:17 localhost sshd[22759]: Failed password for root from 123.244.9.74 port 41954 ssh2
Nov  5 08:13:21 localhost unix_chkpwd[22762]: password check failed for user (root)
Nov  5 08:13:23 localhost sshd[22759]: Failed password for root from 123.244.9.74 port 41954 ssh2
Nov  5 08:13:23 localhost unix_chkpwd[22763]: password check failed for user (root)
Nov  5 08:13:25 localhost sshd[22759]: Failed password for root from 123.244.9.74 port 41954 ssh2
Nov  5 08:13:26 localhost sshd[22760]: Received disconnect from 123.244.9.74: 11: 
Nov  5 08:13:26 localhost sshd[22759]: PAM 2 more authentication failures; logname= uid=0 euid=0 tty=ssh ruser= rhost=123.244.9.74  user=root
Nov  5 08:13:31 localhost sshd[22764]: reverse mapping checking getaddrinfo for 74.9.244.123.broad.tl.ln.dynamic.163data.com.cn [123.244.9.74] failed - POSSIBLE BREAK-IN ATTEMPT!
Nov  5 08:13:31 localhost unix_chkpwd[22766]: password check failed for user (root)
Nov  5 08:13:31 localhost sshd[22764]: pam_unix(sshd:auth): authentication failure; logname= uid=0 euid=0 tty=ssh ruser= rhost=123.244.9.74  user=root
Nov  5 08:13:33 localhost sshd[22764]: Failed password for root from 123.244.9.74 port 59184 ssh2
Nov  5 08:13:33 localhost unix_chkpwd[22767]: password check failed for user (root)
Nov  5 08:13:35 localhost sshd[22764]: Failed password for root from 123.244.9.74 port 59184 ssh2
Nov  5 08:13:35 localhost unix_chkpwd[22768]: password check failed for user (root)
Nov  5 08:13:37 localhost sshd[22764]: Failed password for root from 123.244.9.74 port 59184 ssh2
Nov  5 08:13:38 localhost sshd[22765]: Received disconnect from 123.244.9.74: 11: 
Nov  5 08:13:38 localhost sshd[22764]: PAM 2 more authentication failures; logname= uid=0 euid=0 tty=ssh ruser= rhost=123.244.9.74  user=root
Nov  5 08:13:41 localhost sshd[22769]: reverse mapping checking getaddrinfo for 74.9.244.123.broad.tl.ln.dynamic.163data.com.cn [123.244.9.74] failed - POSSIBLE BREAK-IN ATTEMPT!
Nov  5 08:13:41 localhost unix_chkpwd[22771]: password check failed for user (root)
Nov  5 08:13:41 localhost sshd[22769]: pam_unix(sshd:auth): authentication failure; logname= uid=0 euid=0 tty=ssh ruser= rhost=123.244.9.74  user=root
Nov  5 08:13:43 localhost sshd[22769]: Failed password for root from 123.244.9.74 port 58812 ssh2
Nov  5 08:13:43 localhost unix_chkpwd[22772]: password check failed for user (root)
Nov  5 08:13:45 localhost sshd[22769]: Failed password for root from 123.244.9.74 port 58812 ssh2
Nov  5 08:13:45 localhost unix_chkpwd[22773]: password check failed for user (root)
Nov  5 08:13:47 localhost sshd[22769]: Failed password for root from 123.244.9.74 port 58812 ssh2
Nov  5 08:13:49 localhost sshd[22770]: Received disconnect from 123.244.9.74: 11: 
Nov  5 08:13:49 localhost sshd[22769]: PAM 2 more authentication failures; logname= uid=0 euid=0 tty=ssh ruser= rhost=123.244.9.74  user=root
Nov  5 08:13:54 localhost sshd[22774]: reverse mapping checking getaddrinfo for 74.9.244.123.broad.tl.ln.dynamic.163data.com.cn [123.244.9.74] failed - POSSIBLE BREAK-IN ATTEMPT!
Nov  5 08:13:54 localhost unix_chkpwd[22776]: password check failed for user (root)
Nov  5 08:13:54 localhost sshd[22774]: pam_unix(sshd:auth): authentication failure; logname= uid=0 euid=0 tty=ssh ruser= rhost=123.244.9.74  user=root
Nov  5 08:13:56 localhost sshd[22774]: Failed password for root from 123.244.9.74 port 53756 ssh2
Nov  5 08:13:56 localhost unix_chkpwd[22777]: password check failed for user (root)
Nov  5 08:13:58 localhost sshd[22774]: Failed password for root from 123.244.9.74 port 53756 ssh2
Nov  5 08:13:59 localhost unix_chkpwd[22778]: password check failed for user (root)
Nov  5 08:14:01 localhost sshd[22774]: Failed password for root from 123.244.9.74 port 53756 ssh2
Nov  5 08:14:02 localhost sshd[22775]: Received disconnect from 123.244.9.74: 11: 
Nov  5 08:14:02 localhost sshd[22774]: PAM 2 more authentication failures; logname= uid=0 euid=0 tty=ssh ruser= rhost=123.244.9.74  user=root
Nov  5 08:14:04 localhost sshd[22779]: reverse mapping checking getaddrinfo for 74.9.244.123.broad.tl.ln.dynamic.163data.com.cn [123.244.9.74] failed - POSSIBLE BREAK-IN ATTEMPT!
Nov  5 08:14:05 localhost unix_chkpwd[22781]: password check failed for user (root)
Nov  5 08:14:05 localhost sshd[22779]: pam_unix(sshd:auth): authentication failure; logname= uid=0 euid=0 tty=ssh ruser= rhost=123.244.9.74  user=root
Nov  5 08:14:06 localhost sshd[22779]: Failed password for root from 123.244.9.74 port 49464 ssh2
Nov  5 08:14:07 localhost unix_chkpwd[22782]: password check failed for user (root)
Nov  5 08:14:08 localhost sshd[22779]: Failed password for root from 123.244.9.74 port 49464 ssh2
Nov  5 08:14:09 localhost unix_chkpwd[22783]: password check failed for user (root)
Nov  5 08:14:11 localhost sshd[22779]: Failed password for root from 123.244.9.74 port 49464 ssh2
Nov  5 08:14:11 localhost sshd[22780]: Received disconnect from 123.244.9.74: 11: 
Nov  5 08:14:11 localhost sshd[22779]: PAM 2 more authentication failures; logname= uid=0 euid=0 tty=ssh ruser= rhost=123.244.9.74  user=root
Nov  5 08:14:15 localhost sshd[22784]: reverse mapping checking getaddrinfo for 74.9.244.123.broad.tl.ln.dynamic.163data.com.cn [123.244.9.74] failed - POSSIBLE BREAK-IN ATTEMPT!
Nov  5 08:14:15 localhost unix_chkpwd[22786]: password check failed for user (root)
Nov  5 08:14:15 localhost sshd[22784]: pam_unix(sshd:auth): authentication failure; logname= uid=0 euid=0 tty=ssh ruser= rhost=123.244.9.74  user=root
Nov  5 08:14:17 localhost sshd[22784]: Failed password for root from 123.244.9.74 port 54794 ssh2
Nov  5 08:14:17 localhost unix_chkpwd[22787]: password check failed for user (root)
Nov  5 08:14:19 localhost sshd[22784]: Failed password for root from 123.244.9.74 port 54794 ssh2
Nov  5 08:14:19 localhost unix_chkpwd[22788]: password check failed for user (root)
Nov  5 08:14:21 localhost sshd[22784]: Failed password for root from 123.244.9.74 port 54794 ssh2
Nov  5 08:14:22 localhost sshd[22785]: Received disconnect from 123.244.9.74: 11: 
Nov  5 08:14:22 localhost sshd[22784]: PAM 2 more authentication failures; logname= uid=0 euid=0 tty=ssh ruser= rhost=123.244.9.74  user=root
Nov  5 08:14:28 localhost sshd[22789]: reverse mapping checking getaddrinfo for 74.9.244.123.broad.tl.ln.dynamic.163data.com.cn [123.244.9.74] failed - POSSIBLE BREAK-IN ATTEMPT!
Nov  5 08:14:28 localhost unix_chkpwd[22791]: password check failed for user (root)
Nov  5 08:14:28 localhost sshd[22789]: pam_unix(sshd:auth): authentication failure; logname= uid=0 euid=0 tty=ssh ruser= rhost=123.244.9.74  user=root
Nov  5 08:14:30 localhost sshd[22789]: Failed password for root from 123.244.9.74 port 39612 ssh2
Nov  5 08:14:30 localhost unix_chkpwd[22792]: password check failed for user (root)
Nov  5 08:14:32 localhost sshd[22789]: Failed password for root from 123.244.9.74 port 39612 ssh2
Nov  5 08:14:32 localhost unix_chkpwd[22793]: password check failed for user (root)
Nov  5 08:14:34 localhost sshd[22789]: Failed password for root from 123.244.9.74 port 39612 ssh2
Nov  5 08:14:35 localhost sshd[22790]: Received disconnect from 123.244.9.74: 11: 
Nov  5 08:14:35 localhost sshd[22789]: PAM 2 more authentication failures; logname= uid=0 euid=0 tty=ssh ruser= rhost=123.244.9.74  user=root
Nov  5 08:14:38 localhost sshd[22794]: reverse mapping checking getaddrinfo for 74.9.244.123.broad.tl.ln.dynamic.163data.com.cn [123.244.9.74] failed - POSSIBLE BREAK-IN ATTEMPT!
Nov  5 08:14:38 localhost unix_chkpwd[22796]: password check failed for user (root)
Nov  5 08:14:38 localhost sshd[22794]: pam_unix(sshd:auth): authentication failure; logname= uid=0 euid=0 tty=ssh ruser= rhost=123.244.9.74  user=root
Nov  5 08:14:40 localhost sshd[22794]: Failed password for root from 123.244.9.74 port 45828 ssh2
Nov  5 08:14:40 localhost unix_chkpwd[22797]: password check failed for user (root)
Nov  5 08:14:42 localhost sshd[22794]: Failed password for root from 123.244.9.74 port 45828 ssh2
Nov  5 08:14:44 localhost unix_chkpwd[22798]: password check failed for user (root)
Nov  5 08:14:45 localhost sshd[22794]: Failed password for root from 123.244.9.74 port 45828 ssh2
Nov  5 08:14:46 localhost sshd[22795]: Received disconnect from 123.244.9.74: 11: 
Nov  5 08:14:46 localhost sshd[22794]: PAM 2 more authentication failures; logname= uid=0 euid=0 tty=ssh ruser= rhost=123.244.9.74  user=root
Nov  5 08:14:51 localhost sshd[22799]: reverse mapping checking getaddrinfo for 74.9.244.123.broad.tl.ln.dynamic.163data.com.cn [123.244.9.74] failed - POSSIBLE BREAK-IN ATTEMPT!
Nov  5 08:14:51 localhost unix_chkpwd[22801]: password check failed for user (root)
Nov  5 08:14:51 localhost sshd[22799]: pam_unix(sshd:auth): authentication failure; logname= uid=0 euid=0 tty=ssh ruser= rhost=123.244.9.74  user=root
Nov  5 08:14:52 localhost sshd[22799]: Failed password for root from 123.244.9.74 port 39882 ssh2
Nov  5 08:14:52 localhost unix_chkpwd[22802]: password check failed for user (root)
Nov  5 08:14:54 localhost sshd[22799]: Failed password for root from 123.244.9.74 port 39882 ssh2
Nov  5 08:14:54 localhost unix_chkpwd[22803]: password check failed for user (root)
Nov  5 08:14:56 localhost sshd[22799]: Failed password for root from 123.244.9.74 port 39882 ssh2
Nov  5 08:14:56 localhost sshd[22800]: Received disconnect from 123.244.9.74: 11: 
Nov  5 08:14:56 localhost sshd[22799]: PAM 2 more authentication failures; logname= uid=0 euid=0 tty=ssh ruser= rhost=123.244.9.74  user=root
Nov  5 08:15:03 localhost sshd[22804]: reverse mapping checking getaddrinfo for 74.9.244.123.broad.tl.ln.dynamic.163data.com.cn [123.244.9.74] failed - POSSIBLE BREAK-IN ATTEMPT!
Nov  5 08:15:03 localhost unix_chkpwd[22806]: password check failed for user (root)
Nov  5 08:15:03 localhost sshd[22804]: pam_unix(sshd:auth): authentication failure; logname= uid=0 euid=0 tty=ssh ruser= rhost=123.244.9.74  user=root
Nov  5 08:15:05 localhost sshd[22804]: Failed password for root from 123.244.9.74 port 55618 ssh2
Nov  5 08:15:05 localhost unix_chkpwd[22807]: password check failed for user (root)
Nov  5 08:15:07 localhost sshd[22804]: Failed password for root from 123.244.9.74 port 55618 ssh2
Nov  5 08:15:07 localhost unix_chkpwd[22808]: password check failed for user (root)
Nov  5 08:15:10 localhost sshd[22804]: Failed password for root from 123.244.9.74 port 55618 ssh2
Nov  5 08:15:10 localhost sshd[22805]: Received disconnect from 123.244.9.74: 11: 
Nov  5 08:15:10 localhost sshd[22804]: PAM 2 more authentication failures; logname= uid=0 euid=0 tty=ssh ruser= rhost=123.244.9.74  user=root
Nov  5 08:15:10 localhost unix_chkpwd[22811]: password check failed for user (root)
Nov  5 08:15:10 localhost sshd[22809]: pam_unix(sshd:auth): authentication failure; logname= uid=0 euid=0 tty=ssh ruser= rhost=121.18.238.119  user=root
Nov  5 08:15:12 localhost sshd[22809]: Failed password for root from 121.18.238.119 port 35656 ssh2
Nov  5 08:15:12 localhost unix_chkpwd[22814]: password check failed for user (root)
Nov  5 08:15:14 localhost sshd[22812]: reverse mapping checking getaddrinfo for 74.9.244.123.broad.tl.ln.dynamic.163data.com.cn [123.244.9.74] failed - POSSIBLE BREAK-IN ATTEMPT!
Nov  5 08:15:14 localhost unix_chkpwd[22815]: password check failed for user (root)
Nov  5 08:15:14 localhost sshd[22812]: pam_unix(sshd:auth): authentication failure; logname= uid=0 euid=0 tty=ssh ruser= rhost=123.244.9.74  user=root
Nov  5 08:15:15 localhost sshd[22809]: Failed password for root from 121.18.238.119 port 35656 ssh2
Nov  5 08:15:15 localhost unix_chkpwd[22816]: password check failed for user (root)
Nov  5 08:15:16 localhost sshd[22812]: Failed password for root from 123.244.9.74 port 37980 ssh2
Nov  5 08:15:16 localhost sshd[22809]: Failed password for root from 121.18.238.119 port 35656 ssh2
Nov  5 08:15:16 localhost unix_chkpwd[22817]: password check failed for user (root)
Nov  5 08:15:16 localhost sshd[22810]: Received disconnect from 121.18.238.119: 11: 
Nov  5 08:15:16 localhost sshd[22809]: PAM 2 more authentication failures; logname= uid=0 euid=0 tty=ssh ruser= rhost=121.18.238.119  user=root
Nov  5 08:15:18 localhost sshd[22812]: Failed password for root from 123.244.9.74 port 37980 ssh2
Nov  5 08:15:18 localhost unix_chkpwd[22820]: password check failed for user (root)
Nov  5 08:15:18 localhost sshd[22818]: pam_unix(sshd:auth): authentication failure; logname= uid=0 euid=0 tty=ssh ruser= rhost=121.18.238.119  user=root
Nov  5 08:15:18 localhost unix_chkpwd[22821]: password check failed for user (root)
Nov  5 08:15:20 localhost sshd[22818]: Failed password for root from 121.18.238.119 port 39718 ssh2
Nov  5 08:15:20 localhost sshd[22812]: Failed password for root from 123.244.9.74 port 37980 ssh2
Nov  5 08:15:20 localhost sshd[22813]: Connection closed by 123.244.9.74
Nov  5 08:15:20 localhost sshd[22812]: PAM 2 more authentication failures; logname= uid=0 euid=0 tty=ssh ruser= rhost=123.244.9.74  user=root
Nov  5 08:15:20 localhost unix_chkpwd[22822]: password check failed for user (root)
Nov  5 08:15:22 localhost sshd[22818]: Failed password for root from 121.18.238.119 port 39718 ssh2
Nov  5 08:15:22 localhost unix_chkpwd[22823]: password check failed for user (root)
Nov  5 08:15:24 localhost sshd[22818]: Failed password for root from 121.18.238.119 port 39718 ssh2
Nov  5 08:15:24 localhost sshd[22819]: Received disconnect from 121.18.238.119: 11: 
Nov  5 08:15:24 localhost sshd[22818]: PAM 2 more authentication failures; logname= uid=0 euid=0 tty=ssh ruser= rhost=121.18.238.119  user=root
Nov  5 08:15:26 localhost unix_chkpwd[22826]: password check failed for user (root)
Nov  5 08:15:26 localhost sshd[22824]: pam_unix(sshd:auth): authentication failure; logname= uid=0 euid=0 tty=ssh ruser= rhost=121.18.238.119  user=root
Nov  5 08:15:28 localhost sshd[22824]: Failed password for root from 121.18.238.119 port 43226 ssh2
Nov  5 08:15:28 localhost unix_chkpwd[22827]: password check failed for user (root)
Nov  5 08:15:30 localhost sshd[22824]: Failed password for root from 121.18.238.119 port 43226 ssh2
Nov  5 08:15:30 localhost unix_chkpwd[22830]: password check failed for user (root)
Nov  5 08:15:32 localhost sshd[22824]: Failed password for root from 121.18.238.119 port 43226 ssh2
Nov  5 08:15:32 localhost sshd[22825]: Received disconnect from 121.18.238.119: 11: 
Nov  5 08:15:32 localhost sshd[22824]: PAM 2 more authentication failures; logname= uid=0 euid=0 tty=ssh ruser= rhost=121.18.238.119  user=root
Nov  5 08:15:32 localhost sshd[22828]: Invalid user demo from 39.153.161.37
Nov  5 08:15:32 localhost sshd[22829]: input_userauth_request: invalid user demo
Nov  5 08:15:32 localhost sshd[22828]: pam_unix(sshd:auth): check pass; user unknown
Nov  5 08:15:32 localhost sshd[22828]: pam_unix(sshd:auth): authentication failure; logname= uid=0 euid=0 tty=ssh ruser= rhost=39.153.161.37 
Nov  5 08:15:32 localhost sshd[22828]: pam_succeed_if(sshd:auth): error retrieving information about user demo
Nov  5 08:15:34 localhost sshd[22828]: Failed password for invalid user demo from 39.153.161.37 port 14345 ssh2
Nov  5 08:15:34 localhost sshd[22828]: pam_unix(sshd:auth): check pass; user unknown
Nov  5 08:15:34 localhost sshd[22828]: pam_succeed_if(sshd:auth): error retrieving information about user demo
Nov  5 08:15:35 localhost unix_chkpwd[22833]: password check failed for user (root)
Nov  5 08:15:35 localhost sshd[22831]: pam_unix(sshd:auth): authentication failure; logname= uid=0 euid=0 tty=ssh ruser= rhost=121.18.238.119  user=root
Nov  5 08:15:36 localhost sshd[22828]: Failed password for invalid user demo from 39.153.161.37 port 14345 ssh2
Nov  5 08:15:36 localhost sshd[22828]: pam_unix(sshd:auth): check pass; user unknown
Nov  5 08:15:36 localhost sshd[22828]: pam_succeed_if(sshd:auth): error retrieving information about user demo
Nov  5 08:15:37 localhost sshd[22831]: Failed password for root from 121.18.238.119 port 44866 ssh2
Nov  5 08:15:37 localhost unix_chkpwd[22834]: password check failed for user (root)
Nov  5 08:15:39 localhost sshd[22828]: Failed password for invalid user demo from 39.153.161.37 port 14345 ssh2
Nov  5 08:15:39 localhost sshd[22829]: Connection closed by 39.153.161.37
Nov  5 08:15:39 localhost sshd[22828]: PAM 2 more authentication failures; logname= uid=0 euid=0 tty=ssh ruser= rhost=39.153.161.37 
Nov  5 08:15:39 localhost sshd[22831]: Failed password for root from 121.18.238.119 port 44866 ssh2
Nov  5 08:15:39 localhost unix_chkpwd[22835]: password check failed for user (root)
Nov  5 08:15:41 localhost sshd[22831]: Failed password for root from 121.18.238.119 port 44866 ssh2
Nov  5 08:15:41 localhost sshd[22832]: Received disconnect from 121.18.238.119: 11: 
Nov  5 08:15:41 localhost sshd[22831]: PAM 2 more authentication failures; logname= uid=0 euid=0 tty=ssh ruser= rhost=121.18.238.119  user=root
Nov  5 08:18:48 localhost sshd[22838]: Invalid user foo from 175.6.27.49
Nov  5 08:18:48 localhost sshd[22839]: input_userauth_request: invalid user foo
Nov  5 08:18:48 localhost sshd[22838]: pam_unix(sshd:auth): check pass; user unknown
Nov  5 08:18:48 localhost sshd[22838]: pam_unix(sshd:auth): authentication failure; logname= uid=0 euid=0 tty=ssh ruser= rhost=175.6.27.49 
Nov  5 08:18:48 localhost sshd[22838]: pam_succeed_if(sshd:auth): error retrieving information about user foo
Nov  5 08:18:50 localhost sshd[22838]: Failed password for invalid user foo from 175.6.27.49 port 8969 ssh2
Nov  5 08:18:50 localhost sshd[22838]: pam_unix(sshd:auth): check pass; user unknown
Nov  5 08:18:50 localhost sshd[22838]: pam_succeed_if(sshd:auth): error retrieving information about user foo
Nov  5 08:18:53 localhost sshd[22838]: Failed password for invalid user foo from 175.6.27.49 port 8969 ssh2
Nov  5 08:18:53 localhost sshd[22838]: pam_unix(sshd:auth): check pass; user unknown
Nov  5 08:18:53 localhost sshd[22838]: pam_succeed_if(sshd:auth): error retrieving information about user foo
Nov  5 08:18:55 localhost sshd[22841]: Invalid user uplink from 123.59.148.234
Nov  5 08:18:55 localhost sshd[22842]: input_userauth_request: invalid user uplink
Nov  5 08:18:55 localhost sshd[22841]: pam_unix(sshd:auth): check pass; user unknown
Nov  5 08:18:55 localhost sshd[22841]: pam_unix(sshd:auth): authentication failure; logname= uid=0 euid=0 tty=ssh ruser= rhost=123.59.148.234 
Nov  5 08:18:55 localhost sshd[22841]: pam_succeed_if(sshd:auth): error retrieving information about user uplink
Nov  5 08:18:55 localhost sshd[22838]: Failed password for invalid user foo from 175.6.27.49 port 8969 ssh2
Nov  5 08:18:55 localhost sshd[22839]: Connection closed by 175.6.27.49
Nov  5 08:18:55 localhost sshd[22838]: PAM 2 more authentication failures; logname= uid=0 euid=0 tty=ssh ruser= rhost=175.6.27.49 
Nov  5 08:18:57 localhost sshd[22841]: Failed password for invalid user uplink from 123.59.148.234 port 10249 ssh2
Nov  5 08:18:57 localhost sshd[22841]: pam_unix(sshd:auth): check pass; user unknown
Nov  5 08:18:57 localhost sshd[22841]: pam_succeed_if(sshd:auth): error retrieving information about user uplink
Nov  5 08:18:59 localhost sshd[22841]: Failed password for invalid user uplink from 123.59.148.234 port 10249 ssh2
Nov  5 08:18:59 localhost sshd[22841]: pam_unix(sshd:auth): check pass; user unknown
Nov  5 08:18:59 localhost sshd[22841]: pam_succeed_if(sshd:auth): error retrieving information about user uplink
Nov  5 08:19:01 localhost sshd[22841]: Failed password for invalid user uplink from 123.59.148.234 port 10249 ssh2
Nov  5 08:19:02 localhost sshd[22842]: Connection closed by 123.59.148.234
Nov  5 08:19:02 localhost sshd[22841]: PAM 2 more authentication failures; logname= uid=0 euid=0 tty=ssh ruser= rhost=123.59.148.234 
Nov  5 08:20:26 localhost unix_chkpwd[22846]: password check failed for user (root)
Nov  5 08:20:26 localhost sshd[22843]: pam_unix(sshd:auth): authentication failure; logname= uid=0 euid=0 tty=ssh ruser= rhost=121.18.238.123  user=root
Nov  5 08:20:28 localhost sshd[22843]: Failed password for root from 121.18.238.123 port 58406 ssh2
Nov  5 08:20:28 localhost unix_chkpwd[22847]: password check failed for user (root)
Nov  5 08:20:31 localhost sshd[22843]: Failed password for root from 121.18.238.123 port 58406 ssh2
Nov  5 08:20:31 localhost unix_chkpwd[22850]: password check failed for user (root)
Nov  5 08:20:33 localhost sshd[22843]: Failed password for root from 121.18.238.123 port 58406 ssh2
Nov  5 08:20:33 localhost sshd[22844]: Received disconnect from 121.18.238.123: 11: 
Nov  5 08:20:33 localhost sshd[22843]: PAM 2 more authentication failures; logname= uid=0 euid=0 tty=ssh ruser= rhost=121.18.238.123  user=root
Nov  5 08:20:35 localhost unix_chkpwd[22851]: password check failed for user (root)
Nov  5 08:20:35 localhost sshd[22848]: pam_unix(sshd:auth): authentication failure; logname= uid=0 euid=0 tty=ssh ruser= rhost=221.194.47.236  user=root
Nov  5 08:20:37 localhost sshd[22848]: Failed password for root from 221.194.47.236 port 39430 ssh2
Nov  5 08:20:37 localhost unix_chkpwd[22854]: password check failed for user (root)
Nov  5 08:20:39 localhost unix_chkpwd[22855]: password check failed for user (root)
Nov  5 08:20:39 localhost sshd[22852]: pam_unix(sshd:auth): authentication failure; logname= uid=0 euid=0 tty=ssh ruser= rhost=121.18.238.123  user=root
Nov  5 08:20:40 localhost sshd[22848]: Failed password for root from 221.194.47.236 port 39430 ssh2
Nov  5 08:20:40 localhost unix_chkpwd[22856]: password check failed for user (root)
Nov  5 08:20:41 localhost sshd[22852]: Failed password for root from 121.18.238.123 port 54257 ssh2
Nov  5 08:20:41 localhost unix_chkpwd[22857]: password check failed for user (root)
Nov  5 08:20:42 localhost sshd[22848]: Failed password for root from 221.194.47.236 port 39430 ssh2
Nov  5 08:20:42 localhost sshd[22849]: Received disconnect from 221.194.47.236: 11: 
Nov  5 08:20:42 localhost sshd[22848]: PAM 2 more authentication failures; logname= uid=0 euid=0 tty=ssh ruser= rhost=221.194.47.236  user=root
Nov  5 08:20:43 localhost sshd[22852]: Failed password for root from 121.18.238.123 port 54257 ssh2
Nov  5 08:20:43 localhost unix_chkpwd[22860]: password check failed for user (root)
Nov  5 08:20:44 localhost unix_chkpwd[22861]: password check failed for user (root)
Nov  5 08:20:44 localhost sshd[22858]: pam_unix(sshd:auth): authentication failure; logname= uid=0 euid=0 tty=ssh ruser= rhost=221.194.47.236  user=root
Nov  5 08:20:45 localhost sshd[22852]: Failed password for root from 121.18.238.123 port 54257 ssh2
Nov  5 08:20:46 localhost sshd[22853]: Received disconnect from 121.18.238.123: 11: 
Nov  5 08:20:46 localhost sshd[22852]: PAM 2 more authentication failures; logname= uid=0 euid=0 tty=ssh ruser= rhost=121.18.238.123  user=root
Nov  5 08:20:46 localhost sshd[22858]: Failed password for root from 221.194.47.236 port 46262 ssh2
Nov  5 08:20:47 localhost unix_chkpwd[22862]: password check failed for user (root)
Nov  5 08:20:49 localhost sshd[22858]: Failed password for root from 221.194.47.236 port 46262 ssh2
Nov  5 08:20:49 localhost unix_chkpwd[22865]: password check failed for user (root)
Nov  5 08:20:51 localhost sshd[22858]: Failed password for root from 221.194.47.236 port 46262 ssh2
Nov  5 08:20:51 localhost sshd[22859]: Received disconnect from 221.194.47.236: 11: 
Nov  5 08:20:51 localhost sshd[22858]: PAM 2 more authentication failures; logname= uid=0 euid=0 tty=ssh ruser= rhost=221.194.47.236  user=root
Nov  5 08:20:53 localhost unix_chkpwd[22870]: password check failed for user (root)
Nov  5 08:20:53 localhost sshd[22863]: pam_unix(sshd:auth): authentication failure; logname= uid=0 euid=0 tty=ssh ruser= rhost=121.18.238.123  user=root
Nov  5 08:20:54 localhost unix_chkpwd[22871]: password check failed for user (root)
Nov  5 08:20:54 localhost sshd[22866]: pam_unix(sshd:auth): authentication failure; logname= uid=0 euid=0 tty=ssh ruser= rhost=221.194.47.236  user=root
Nov  5 08:20:55 localhost sshd[22863]: Failed password for root from 121.18.238.123 port 41862 ssh2
Nov  5 08:20:55 localhost unix_chkpwd[22872]: password check failed for user (root)
Nov  5 08:20:55 localhost sshd[22868]: pam_unix(sshd:auth): authentication failure; logname= uid=0 euid=0 tty=ssh ruser= rhost=221.194.47.233  user=root
Nov  5 08:20:55 localhost unix_chkpwd[22873]: password check failed for user (root)
Nov  5 08:20:55 localhost sshd[22866]: Failed password for root from 221.194.47.236 port 35741 ssh2
Nov  5 08:20:56 localhost unix_chkpwd[22874]: password check failed for user (root)
Nov  5 08:20:57 localhost sshd[22868]: Failed password for root from 221.194.47.233 port 52062 ssh2
Nov  5 08:20:57 localhost sshd[22863]: Failed password for root from 121.18.238.123 port 41862 ssh2
Nov  5 08:20:57 localhost unix_chkpwd[22875]: password check failed for user (root)
Nov  5 08:20:57 localhost unix_chkpwd[22876]: password check failed for user (root)
Nov  5 08:20:58 localhost sshd[22866]: Failed password for root from 221.194.47.236 port 35741 ssh2
Nov  5 08:20:58 localhost unix_chkpwd[22877]: password check failed for user (root)
Nov  5 08:20:58 localhost sshd[22868]: Failed password for root from 221.194.47.233 port 52062 ssh2
Nov  5 08:20:59 localhost sshd[22863]: Failed password for root from 121.18.238.123 port 41862 ssh2
Nov  5 08:20:59 localhost unix_chkpwd[22878]: password check failed for user (root)
Nov  5 08:20:59 localhost sshd[22864]: Received disconnect from 121.18.238.123: 11: 
Nov  5 08:20:59 localhost sshd[22863]: PAM 2 more authentication failures; logname= uid=0 euid=0 tty=ssh ruser= rhost=121.18.238.123  user=root
Nov  5 08:21:00 localhost sshd[22866]: Failed password for root from 221.194.47.236 port 35741 ssh2
Nov  5 08:21:01 localhost sshd[22867]: Received disconnect from 221.194.47.236: 11: 
Nov  5 08:21:01 localhost sshd[22866]: PAM 2 more authentication failures; logname= uid=0 euid=0 tty=ssh ruser= rhost=221.194.47.236  user=root
Nov  5 08:21:01 localhost sshd[22868]: Failed password for root from 221.194.47.233 port 52062 ssh2
Nov  5 08:21:02 localhost sshd[22869]: Received disconnect from 221.194.47.233: 11: 
Nov  5 08:21:02 localhost sshd[22868]: PAM 2 more authentication failures; logname= uid=0 euid=0 tty=ssh ruser= rhost=221.194.47.233  user=root
Nov  5 08:21:03 localhost unix_chkpwd[22885]: password check failed for user (root)
Nov  5 08:21:03 localhost sshd[22883]: pam_unix(sshd:auth): authentication failure; logname= uid=0 euid=0 tty=ssh ruser= rhost=221.194.47.233  user=root
Nov  5 08:21:04 localhost unix_chkpwd[22886]: password check failed for user (root)
Nov  5 08:21:04 localhost sshd[22879]: pam_unix(sshd:auth): authentication failure; logname= uid=0 euid=0 tty=ssh ruser= rhost=121.18.238.123  user=root
Nov  5 08:21:05 localhost sshd[22879]: Failed password for root from 121.18.238.123 port 35748 ssh2
Nov  5 08:21:05 localhost sshd[22883]: Failed password for root from 221.194.47.233 port 34518 ssh2
Nov  5 08:21:06 localhost unix_chkpwd[22887]: password check failed for user (root)
Nov  5 08:21:06 localhost unix_chkpwd[22888]: password check failed for user (root)
Nov  5 08:21:07 localhost sshd[22883]: Failed password for root from 221.194.47.233 port 34518 ssh2
Nov  5 08:21:07 localhost sshd[22879]: Failed password for root from 121.18.238.123 port 35748 ssh2
Nov  5 08:21:07 localhost unix_chkpwd[22889]: password check failed for user (root)
Nov  5 08:21:09 localhost unix_chkpwd[22890]: password check failed for user (root)
Nov  5 08:21:09 localhost unix_chkpwd[22891]: password check failed for user (root)
Nov  5 08:21:09 localhost sshd[22881]: pam_unix(sshd:auth): authentication failure; logname= uid=0 euid=0 tty=ssh ruser= rhost=221.194.47.236  user=root
Nov  5 08:21:09 localhost sshd[22879]: Failed password for root from 121.18.238.123 port 35748 ssh2
Nov  5 08:21:10 localhost sshd[22880]: Received disconnect from 121.18.238.123: 11: 
Nov  5 08:21:10 localhost sshd[22879]: PAM 2 more authentication failures; logname= uid=0 euid=0 tty=ssh ruser= rhost=121.18.238.123  user=root
Nov  5 08:21:10 localhost sshd[22883]: Failed password for root from 221.194.47.233 port 34518 ssh2
Nov  5 08:21:10 localhost sshd[22881]: Failed password for root from 221.194.47.236 port 48236 ssh2
Nov  5 08:21:10 localhost sshd[22884]: Received disconnect from 221.194.47.233: 11: 
Nov  5 08:21:10 localhost sshd[22883]: PAM 2 more authentication failures; logname= uid=0 euid=0 tty=ssh ruser= rhost=221.194.47.233  user=root
Nov  5 08:21:10 localhost unix_chkpwd[22894]: password check failed for user (root)
Nov  5 08:21:12 localhost sshd[22893]: Received disconnect from 121.18.238.123: 11: 
Nov  5 08:21:13 localhost unix_chkpwd[22897]: password check failed for user (root)
Nov  5 08:21:13 localhost sshd[22895]: pam_unix(sshd:auth): authentication failure; logname= uid=0 euid=0 tty=ssh ruser= rhost=221.194.47.233  user=root
Nov  5 08:21:13 localhost sshd[22881]: Failed password for root from 221.194.47.236 port 48236 ssh2
Nov  5 08:21:13 localhost unix_chkpwd[22898]: password check failed for user (root)
Nov  5 08:21:14 localhost sshd[22895]: Failed password for root from 221.194.47.233 port 39924 ssh2
Nov  5 08:21:15 localhost sshd[22881]: Failed password for root from 221.194.47.236 port 48236 ssh2
Nov  5 08:21:15 localhost sshd[22882]: Received disconnect from 221.194.47.236: 11: 
Nov  5 08:21:15 localhost sshd[22881]: PAM 2 more authentication failures; logname= uid=0 euid=0 tty=ssh ruser= rhost=221.194.47.236  user=root
Nov  5 08:21:16 localhost unix_chkpwd[22901]: password check failed for user (root)
Nov  5 08:21:17 localhost unix_chkpwd[22902]: password check failed for user (root)
Nov  5 08:21:17 localhost sshd[22899]: pam_unix(sshd:auth): authentication failure; logname= uid=0 euid=0 tty=ssh ruser= rhost=221.194.47.236  user=root
Nov  5 08:21:17 localhost sshd[22895]: Failed password for root from 221.194.47.233 port 39924 ssh2
Nov  5 08:21:18 localhost unix_chkpwd[22903]: password check failed for user (root)
Nov  5 08:21:19 localhost sshd[22895]: Failed password for root from 221.194.47.233 port 39924 ssh2
Nov  5 08:21:19 localhost sshd[22899]: Failed password for root from 221.194.47.236 port 50173 ssh2
Nov  5 08:21:19 localhost sshd[22896]: Received disconnect from 221.194.47.233: 11: 
Nov  5 08:21:19 localhost sshd[22895]: PAM 2 more authentication failures; logname= uid=0 euid=0 tty=ssh ruser= rhost=221.194.47.233  user=root
Nov  5 08:21:20 localhost unix_chkpwd[22904]: password check failed for user (root)
Nov  5 08:21:21 localhost sshd[22899]: Failed password for root from 221.194.47.236 port 50173 ssh2
Nov  5 08:21:22 localhost unix_chkpwd[22907]: password check failed for user (root)
Nov  5 08:21:23 localhost unix_chkpwd[22910]: password check failed for user (root)
Nov  5 08:21:23 localhost sshd[22905]: pam_unix(sshd:auth): authentication failure; logname= uid=0 euid=0 tty=ssh ruser= rhost=221.194.47.233  user=root
Nov  5 08:21:24 localhost sshd[22899]: Failed password for root from 221.194.47.236 port 50173 ssh2
Nov  5 08:21:24 localhost sshd[22900]: Received disconnect from 221.194.47.236: 11: 
Nov  5 08:21:24 localhost sshd[22899]: PAM 2 more authentication failures; logname= uid=0 euid=0 tty=ssh ruser= rhost=221.194.47.236  user=root
Nov  5 08:21:25 localhost sshd[22905]: Failed password for root from 221.194.47.233 port 52225 ssh2
Nov  5 08:21:26 localhost unix_chkpwd[22913]: password check failed for user (root)
Nov  5 08:21:27 localhost unix_chkpwd[22914]: password check failed for user (root)
Nov  5 08:21:27 localhost sshd[22908]: pam_unix(sshd:auth): authentication failure; logname= uid=0 euid=0 tty=ssh ruser= rhost=121.18.238.123  user=root
Nov  5 08:21:28 localhost sshd[22905]: Failed password for root from 221.194.47.233 port 52225 ssh2
Nov  5 08:21:28 localhost sshd[22908]: Failed password for root from 121.18.238.123 port 51123 ssh2
Nov  5 08:21:28 localhost unix_chkpwd[22915]: password check failed for user (root)
Nov  5 08:21:28 localhost unix_chkpwd[22916]: password check failed for user (root)
Nov  5 08:21:30 localhost sshd[22905]: Failed password for root from 221.194.47.233 port 52225 ssh2
Nov  5 08:21:30 localhost sshd[22908]: Failed password for root from 121.18.238.123 port 51123 ssh2
Nov  5 08:21:30 localhost unix_chkpwd[22917]: password check failed for user (root)
Nov  5 08:21:30 localhost sshd[22906]: Received disconnect from 221.194.47.233: 11: 
Nov  5 08:21:30 localhost sshd[22905]: PAM 2 more authentication failures; logname= uid=0 euid=0 tty=ssh ruser= rhost=221.194.47.233  user=root
Nov  5 08:21:31 localhost unix_chkpwd[22920]: password check failed for user (root)
Nov  5 08:21:31 localhost sshd[22911]: pam_unix(sshd:auth): authentication failure; logname= uid=0 euid=0 tty=ssh ruser= rhost=221.194.47.236  user=root
Nov  5 08:21:32 localhost sshd[22908]: Failed password for root from 121.18.238.123 port 51123 ssh2
Nov  5 08:21:32 localhost sshd[22909]: Received disconnect from 121.18.238.123: 11: 
Nov  5 08:21:32 localhost sshd[22908]: PAM 2 more authentication failures; logname= uid=0 euid=0 tty=ssh ruser= rhost=121.18.238.123  user=root
Nov  5 08:21:33 localhost sshd[22911]: Failed password for root from 221.194.47.236 port 60785 ssh2
Nov  5 08:21:33 localhost unix_chkpwd[22923]: password check failed for user (root)
Nov  5 08:21:33 localhost sshd[22918]: pam_unix(sshd:auth): authentication failure; logname= uid=0 euid=0 tty=ssh ruser= rhost=221.194.47.233  user=root
Nov  5 08:21:33 localhost unix_chkpwd[22924]: password check failed for user (root)
Nov  5 08:21:34 localhost unix_chkpwd[22925]: password check failed for user (root)
Nov  5 08:21:34 localhost sshd[22921]: pam_unix(sshd:auth): authentication failure; logname= uid=0 euid=0 tty=ssh ruser= rhost=121.18.238.123  user=root
Nov  5 08:21:36 localhost sshd[22918]: Failed password for root from 221.194.47.233 port 56331 ssh2
Nov  5 08:21:36 localhost sshd[22911]: Failed password for root from 221.194.47.236 port 60785 ssh2
Nov  5 08:21:36 localhost unix_chkpwd[22926]: password check failed for user (root)
Nov  5 08:21:36 localhost sshd[22921]: Failed password for root from 121.18.238.123 port 57470 ssh2
Nov  5 08:21:37 localhost unix_chkpwd[22927]: password check failed for user (root)
Nov  5 08:21:37 localhost unix_chkpwd[22928]: password check failed for user (root)
Nov  5 08:21:38 localhost sshd[22911]: Failed password for root from 221.194.47.236 port 60785 ssh2
Nov  5 08:21:38 localhost sshd[22912]: Received disconnect from 221.194.47.236: 11: 
Nov  5 08:21:38 localhost sshd[22911]: PAM 2 more authentication failures; logname= uid=0 euid=0 tty=ssh ruser= rhost=221.194.47.236  user=root
Nov  5 08:21:39 localhost sshd[22921]: Failed password for root from 121.18.238.123 port 57470 ssh2
Nov  5 08:21:39 localhost unix_chkpwd[22931]: password check failed for user (root)
Nov  5 08:21:39 localhost sshd[22918]: Failed password for root from 221.194.47.233 port 56331 ssh2
Nov  5 08:21:39 localhost unix_chkpwd[22932]: password check failed for user (root)
Nov  5 08:21:40 localhost unix_chkpwd[22933]: password check failed for user (root)
Nov  5 08:21:40 localhost sshd[22929]: pam_unix(sshd:auth): authentication failure; logname= uid=0 euid=0 tty=ssh ruser= rhost=221.194.47.236  user=root
Nov  5 08:21:40 localhost sshd[22921]: Failed password for root from 121.18.238.123 port 57470 ssh2
Nov  5 08:21:40 localhost sshd[22922]: Received disconnect from 121.18.238.123: 11: 
Nov  5 08:21:40 localhost sshd[22921]: PAM 2 more authentication failures; logname= uid=0 euid=0 tty=ssh ruser= rhost=121.18.238.123  user=root
Nov  5 08:21:41 localhost sshd[22918]: Failed password for root from 221.194.47.233 port 56331 ssh2
Nov  5 08:21:41 localhost sshd[22919]: Received disconnect from 221.194.47.233: 11: 
Nov  5 08:21:41 localhost sshd[22918]: PAM 2 more authentication failures; logname= uid=0 euid=0 tty=ssh ruser= rhost=221.194.47.233  user=root
Nov  5 08:21:42 localhost sshd[22929]: Failed password for root from 221.194.47.236 port 33710 ssh2
Nov  5 08:21:42 localhost unix_chkpwd[22940]: password check failed for user (root)
Nov  5 08:21:42 localhost unix_chkpwd[22941]: password check failed for user (root)
Nov  5 08:21:42 localhost sshd[22934]: pam_unix(sshd:auth): authentication failure; logname= uid=0 euid=0 tty=ssh ruser= rhost=121.18.238.123  user=root
Nov  5 08:21:43 localhost sshd[22936]: reverse mapping checking getaddrinfo for 77.9.244.123.broad.tl.ln.dynamic.163data.com.cn [123.244.9.77] failed - POSSIBLE BREAK-IN ATTEMPT!
Nov  5 08:21:43 localhost unix_chkpwd[22942]: password check failed for user (root)
Nov  5 08:21:43 localhost sshd[22936]: pam_unix(sshd:auth): authentication failure; logname= uid=0 euid=0 tty=ssh ruser= rhost=123.244.9.77  user=root
Nov  5 08:21:44 localhost sshd[22929]: Failed password for root from 221.194.47.236 port 33710 ssh2
Nov  5 08:21:44 localhost unix_chkpwd[22943]: password check failed for user (root)
Nov  5 08:21:44 localhost sshd[22934]: Failed password for root from 121.18.238.123 port 42652 ssh2
Nov  5 08:21:44 localhost unix_chkpwd[22944]: password check failed for user (root)
Nov  5 08:21:45 localhost sshd[22936]: Failed password for root from 123.244.9.77 port 43758 ssh2
Nov  5 08:21:45 localhost unix_chkpwd[22945]: password check failed for user (root)
Nov  5 08:21:46 localhost sshd[22929]: Failed password for root from 221.194.47.236 port 33710 ssh2
Nov  5 08:21:46 localhost sshd[22930]: Received disconnect from 221.194.47.236: 11: 
Nov  5 08:21:46 localhost sshd[22929]: PAM 2 more authentication failures; logname= uid=0 euid=0 tty=ssh ruser= rhost=221.194.47.236  user=root
Nov  5 08:21:46 localhost sshd[22934]: Failed password for root from 121.18.238.123 port 42652 ssh2
Nov  5 08:21:46 localhost unix_chkpwd[22948]: password check failed for user (root)
Nov  5 08:21:47 localhost unix_chkpwd[22949]: password check failed for user (root)
Nov  5 08:21:47 localhost sshd[22938]: pam_unix(sshd:auth): authentication failure; logname= uid=0 euid=0 tty=ssh ruser= rhost=221.194.47.233  user=root
Nov  5 08:21:47 localhost sshd[22936]: Failed password for root from 123.244.9.77 port 43758 ssh2
Nov  5 08:21:48 localhost unix_chkpwd[22950]: password check failed for user (root)
Nov  5 08:21:48 localhost unix_chkpwd[22951]: password check failed for user (root)
Nov  5 08:21:48 localhost sshd[22946]: pam_unix(sshd:auth): authentication failure; logname= uid=0 euid=0 tty=ssh ruser= rhost=221.194.47.236  user=root
Nov  5 08:21:48 localhost sshd[22934]: Failed password for root from 121.18.238.123 port 42652 ssh2
Nov  5 08:21:48 localhost sshd[22935]: Received disconnect from 121.18.238.123: 11: 
Nov  5 08:21:48 localhost sshd[22934]: PAM 2 more authentication failures; logname= uid=0 euid=0 tty=ssh ruser= rhost=121.18.238.123  user=root
Nov  5 08:21:49 localhost sshd[22938]: Failed password for root from 221.194.47.233 port 35320 ssh2
Nov  5 08:21:49 localhost unix_chkpwd[22954]: password check failed for user (root)
Nov  5 08:21:49 localhost sshd[22936]: Failed password for root from 123.244.9.77 port 43758 ssh2
Nov  5 08:21:49 localhost sshd[22937]: Received disconnect from 123.244.9.77: 11: 
Nov  5 08:21:49 localhost sshd[22936]: PAM 2 more authentication failures; logname= uid=0 euid=0 tty=ssh ruser= rhost=123.244.9.77  user=root
Nov  5 08:21:50 localhost sshd[22946]: Failed password for root from 221.194.47.236 port 35889 ssh2
Nov  5 08:21:50 localhost unix_chkpwd[22957]: password check failed for user (root)
Nov  5 08:21:50 localhost unix_chkpwd[22958]: password check failed for user (root)
Nov  5 08:21:50 localhost sshd[22952]: pam_unix(sshd:auth): authentication failure; logname= uid=0 euid=0 tty=ssh ruser= rhost=121.18.238.123  user=root
Nov  5 08:21:51 localhost sshd[22938]: Failed password for root from 221.194.47.233 port 35320 ssh2
Nov  5 08:21:51 localhost unix_chkpwd[22959]: password check failed for user (root)
Nov  5 08:21:52 localhost sshd[22946]: Failed password for root from 221.194.47.236 port 35889 ssh2
Nov  5 08:21:52 localhost unix_chkpwd[22960]: password check failed for user (root)
Nov  5 08:21:52 localhost sshd[22952]: Failed password for root from 121.18.238.123 port 51653 ssh2
Nov  5 08:21:53 localhost unix_chkpwd[22961]: password check failed for user (root)
Nov  5 08:21:53 localhost sshd[22938]: Failed password for root from 221.194.47.233 port 35320 ssh2
Nov  5 08:21:53 localhost sshd[22939]: Received disconnect from 221.194.47.233: 11: 
Nov  5 08:21:53 localhost sshd[22938]: PAM 2 more authentication failures; logname= uid=0 euid=0 tty=ssh ruser= rhost=221.194.47.233  user=root
Nov  5 08:21:54 localhost sshd[22946]: Failed password for root from 221.194.47.236 port 35889 ssh2
Nov  5 08:21:54 localhost sshd[22947]: Received disconnect from 221.194.47.236: 11: 
Nov  5 08:21:54 localhost sshd[22946]: PAM 2 more authentication failures; logname= uid=0 euid=0 tty=ssh ruser= rhost=221.194.47.236  user=root
Nov  5 08:21:55 localhost sshd[22952]: Failed password for root from 121.18.238.123 port 51653 ssh2
Nov  5 08:21:55 localhost sshd[22955]: reverse mapping checking getaddrinfo for 77.9.244.123.broad.tl.ln.dynamic.163data.com.cn [123.244.9.77] failed - POSSIBLE BREAK-IN ATTEMPT!
Nov  5 08:21:55 localhost unix_chkpwd[22964]: password check failed for user (root)
Nov  5 08:21:56 localhost unix_chkpwd[22965]: password check failed for user (root)
Nov  5 08:21:56 localhost sshd[22955]: pam_unix(sshd:auth): authentication failure; logname= uid=0 euid=0 tty=ssh ruser= rhost=123.244.9.77  user=root
Nov  5 08:21:56 localhost unix_chkpwd[22966]: password check failed for user (root)
Nov  5 08:21:56 localhost sshd[22962]: pam_unix(sshd:auth): authentication failure; logname= uid=0 euid=0 tty=ssh ruser= rhost=221.194.47.236  user=root
Nov  5 08:21:57 localhost sshd[22952]: Failed password for root from 121.18.238.123 port 51653 ssh2
Nov  5 08:21:57 localhost sshd[22953]: Received disconnect from 121.18.238.123: 11: 
Nov  5 08:21:57 localhost sshd[22952]: PAM 2 more authentication failures; logname= uid=0 euid=0 tty=ssh ruser= rhost=121.18.238.123  user=root
Nov  5 08:21:58 localhost sshd[22955]: Failed password for root from 123.244.9.77 port 33614 ssh2
Nov  5 08:21:58 localhost sshd[22962]: Failed password for root from 221.194.47.236 port 39213 ssh2
Nov  5 08:21:58 localhost unix_chkpwd[22969]: password check failed for user (root)
Nov  5 08:21:59 localhost unix_chkpwd[22970]: password check failed for user (root)
Nov  5 08:22:00 localhost sshd[22955]: Failed password for root from 123.244.9.77 port 33614 ssh2
Nov  5 08:22:01 localhost sshd[22962]: Failed password for root from 221.194.47.236 port 39213 ssh2
Nov  5 08:22:01 localhost sshd[22963]: Received disconnect from 221.194.47.236: 11: 
Nov  5 08:22:01 localhost sshd[22962]: PAM 1 more authentication failure; logname= uid=0 euid=0 tty=ssh ruser= rhost=221.194.47.236  user=root
Nov  5 08:22:01 localhost unix_chkpwd[22973]: password check failed for user (root)
Nov  5 08:22:02 localhost unix_chkpwd[22974]: password check failed for user (root)
Nov  5 08:22:02 localhost sshd[22967]: pam_unix(sshd:auth): authentication failure; logname= uid=0 euid=0 tty=ssh ruser= rhost=121.18.238.123  user=root
Nov  5 08:22:02 localhost unix_chkpwd[22975]: password check failed for user (root)
Nov  5 08:22:02 localhost sshd[22971]: pam_unix(sshd:auth): authentication failure; logname= uid=0 euid=0 tty=ssh ruser= rhost=221.194.47.233  user=root
Nov  5 08:22:03 localhost sshd[22955]: Failed password for root from 123.244.9.77 port 33614 ssh2
Nov  5 08:22:03 localhost sshd[22956]: Received disconnect from 123.244.9.77: 11: 
Nov  5 08:22:03 localhost sshd[22955]: PAM 2 more authentication failures; logname= uid=0 euid=0 tty=ssh ruser= rhost=123.244.9.77  user=root
Nov  5 08:22:04 localhost sshd[22967]: Failed password for root from 121.18.238.123 port 38019 ssh2
Nov  5 08:22:04 localhost unix_chkpwd[22980]: password check failed for user (root)
Nov  5 08:22:04 localhost sshd[22971]: Failed password for root from 221.194.47.233 port 37370 ssh2
Nov  5 08:22:05 localhost unix_chkpwd[22983]: password check failed for user (root)
Nov  5 08:22:05 localhost sshd[22976]: pam_unix(sshd:auth): authentication failure; logname= uid=0 euid=0 tty=ssh ruser= rhost=121.18.238.125  user=root
Nov  5 08:22:05 localhost unix_chkpwd[22984]: password check failed for user (root)
Nov  5 08:22:06 localhost sshd[22967]: Failed password for root from 121.18.238.123 port 38019 ssh2
Nov  5 08:22:06 localhost sshd[22981]: reverse mapping checking getaddrinfo for 80.9.244.123.broad.tl.ln.dynamic.163data.com.cn [123.244.9.80] failed - POSSIBLE BREAK-IN ATTEMPT!
Nov  5 08:22:06 localhost unix_chkpwd[22985]: password check failed for user (root)
Nov  5 08:22:06 localhost sshd[22978]: reverse mapping checking getaddrinfo for 77.9.244.123.broad.tl.ln.dynamic.163data.com.cn [123.244.9.77] failed - POSSIBLE BREAK-IN ATTEMPT!
Nov  5 08:22:06 localhost unix_chkpwd[22986]: password check failed for user (root)
Nov  5 08:22:06 localhost sshd[22981]: pam_unix(sshd:auth): authentication failure; logname= uid=0 euid=0 tty=ssh ruser= rhost=123.244.9.80  user=root
Nov  5 08:22:06 localhost sshd[22976]: Failed password for root from 121.18.238.125 port 41354 ssh2
Nov  5 08:22:06 localhost sshd[22971]: Failed password for root from 221.194.47.233 port 37370 ssh2
