Nov  5 07:40:46 localhost sshd[22007]: Received disconnect from 221.194.47.242: 11: 
Nov  5 07:40:46 localhost sshd[22006]: PAM 2 more authentication failures; logname= uid=0 euid=0 tty=ssh ruser= rhost=221.194.47.242  user=root
Nov  5 07:40:47 localhost sshd[22008]: Failed password for root from 123.244.9.76 port 43010 ssh2
Nov  5 07:40:47 localhost sshd[22009]: Received disconnect from 123.244.9.76: 11: 
Nov  5 07:40:47 localhost sshd[22008]: PAM 2 more authentication failures; logname= uid=0 euid=0 tty=ssh ruser= rhost=123.244.9.76  user=root
Nov  5 07:40:48 localhost unix_chkpwd[22020]: password check failed for user (root)
Nov  5 07:40:48 localhost sshd[22016]: pam_unix(sshd:auth): authentication failure; logname= uid=0 euid=0 tty=ssh ruser= rhost=221.194.47.242  user=root
Nov  5 07:40:49 localhost sshd[22018]: reverse mapping checking getaddrinfo for 76.9.244.123.broad.tl.ln.dynamic.163data.com.cn [123.244.9.76] failed - POSSIBLE BREAK-IN ATTEMPT!
Nov  5 07:40:50 localhost unix_chkpwd[22021]: password check failed for user (root)
Nov  5 07:40:50 localhost sshd[22018]: pam_unix(sshd:auth): authentication failure; logname= uid=0 euid=0 tty=ssh ruser= rhost=123.244.9.76  user=root
Nov  5 07:40:51 localhost sshd[22016]: Failed password for root from 221.194.47.242 port 56577 ssh2
Nov  5 07:40:51 localhost unix_chkpwd[22022]: password check failed for user (root)
Nov  5 07:40:52 localhost sshd[22018]: Failed password for root from 123.244.9.76 port 43426 ssh2
Nov  5 07:40:53 localhost unix_chkpwd[22023]: password check failed for user (root)
Nov  5 07:40:53 localhost sshd[22016]: Failed password for root from 221.194.47.242 port 56577 ssh2
Nov  5 07:40:53 localhost unix_chkpwd[22024]: password check failed for user (root)
Nov  5 07:40:55 localhost sshd[22018]: Failed password for root from 123.244.9.76 port 43426 ssh2
Nov  5 07:40:55 localhost sshd[22016]: Failed password for root from 221.194.47.242 port 56577 ssh2
Nov  5 07:40:56 localhost sshd[22017]: Received disconnect from 221.194.47.242: 11: 
Nov  5 07:40:56 localhost sshd[22016]: PAM 2 more authentication failures; logname= uid=0 euid=0 tty=ssh ruser= rhost=221.194.47.242  user=root
Nov  5 07:40:56 localhost unix_chkpwd[22025]: password check failed for user (root)
Nov  5 07:40:58 localhost unix_chkpwd[22028]: password check failed for user (root)
Nov  5 07:40:58 localhost sshd[22026]: pam_unix(sshd:auth): authentication failure; logname= uid=0 euid=0 tty=ssh ruser= rhost=221.194.47.242  user=root
Nov  5 07:40:58 localhost sshd[22018]: Failed password for root from 123.244.9.76 port 43426 ssh2
Nov  5 07:40:59 localhost sshd[22019]: Received disconnect from 123.244.9.76: 11: 
Nov  5 07:40:59 localhost sshd[22018]: PAM 2 more authentication failures; logname= uid=0 euid=0 tty=ssh ruser= rhost=123.244.9.76  user=root
Nov  5 07:41:00 localhost sshd[22026]: Failed password for root from 221.194.47.242 port 36360 ssh2
Nov  5 07:41:00 localhost unix_chkpwd[22031]: password check failed for user (root)
Nov  5 07:41:01 localhost sshd[22029]: reverse mapping checking getaddrinfo for 76.9.244.123.broad.tl.ln.dynamic.163data.com.cn [123.244.9.76] failed - POSSIBLE BREAK-IN ATTEMPT!
Nov  5 07:41:01 localhost unix_chkpwd[22032]: password check failed for user (root)
Nov  5 07:41:01 localhost sshd[22029]: pam_unix(sshd:auth): authentication failure; logname= uid=0 euid=0 tty=ssh ruser= rhost=123.244.9.76  user=root
Nov  5 07:41:03 localhost sshd[22026]: Failed password for root from 221.194.47.242 port 36360 ssh2
Nov  5 07:41:03 localhost unix_chkpwd[22033]: password check failed for user (root)
Nov  5 07:41:04 localhost sshd[22029]: Failed password for root from 123.244.9.76 port 59680 ssh2
Nov  5 07:41:04 localhost unix_chkpwd[22034]: password check failed for user (root)
Nov  5 07:41:04 localhost sshd[22026]: Failed password for root from 221.194.47.242 port 36360 ssh2
Nov  5 07:41:05 localhost sshd[22027]: Received disconnect from 221.194.47.242: 11: 
Nov  5 07:41:05 localhost sshd[22026]: PAM 2 more authentication failures; logname= uid=0 euid=0 tty=ssh ruser= rhost=221.194.47.242  user=root
Nov  5 07:41:06 localhost sshd[22029]: Failed password for root from 123.244.9.76 port 59680 ssh2
Nov  5 07:41:06 localhost unix_chkpwd[22037]: password check failed for user (root)
Nov  5 07:41:07 localhost unix_chkpwd[22038]: password check failed for user (root)
Nov  5 07:41:07 localhost sshd[22035]: pam_unix(sshd:auth): authentication failure; logname= uid=0 euid=0 tty=ssh ruser= rhost=221.194.47.242  user=root
Nov  5 07:41:08 localhost sshd[22029]: Failed password for root from 123.244.9.76 port 59680 ssh2
Nov  5 07:41:09 localhost sshd[22030]: Received disconnect from 123.244.9.76: 11: 
Nov  5 07:41:09 localhost sshd[22029]: PAM 2 more authentication failures; logname= uid=0 euid=0 tty=ssh ruser= rhost=123.244.9.76  user=root
Nov  5 07:41:10 localhost sshd[22035]: Failed password for root from 221.194.47.242 port 40891 ssh2
Nov  5 07:41:10 localhost unix_chkpwd[22039]: password check failed for user (root)
Nov  5 07:41:11 localhost sshd[22035]: Failed password for root from 221.194.47.242 port 40891 ssh2
Nov  5 07:41:11 localhost unix_chkpwd[22040]: password check failed for user (root)
Nov  5 07:41:13 localhost sshd[22035]: Failed password for root from 221.194.47.242 port 40891 ssh2
Nov  5 07:41:13 localhost sshd[22036]: Received disconnect from 221.194.47.242: 11: 
Nov  5 07:41:13 localhost sshd[22035]: PAM 2 more authentication failures; logname= uid=0 euid=0 tty=ssh ruser= rhost=221.194.47.242  user=root
Nov  5 07:41:15 localhost unix_chkpwd[22045]: password check failed for user (root)
Nov  5 07:41:15 localhost sshd[22041]: pam_unix(sshd:auth): authentication failure; logname= uid=0 euid=0 tty=ssh ruser= rhost=221.194.47.242  user=root
Nov  5 07:41:16 localhost sshd[22043]: reverse mapping checking getaddrinfo for 76.9.244.123.broad.tl.ln.dynamic.163data.com.cn [123.244.9.76] failed - POSSIBLE BREAK-IN ATTEMPT!
Nov  5 07:41:17 localhost unix_chkpwd[22046]: password check failed for user (root)
Nov  5 07:41:17 localhost sshd[22043]: pam_unix(sshd:auth): authentication failure; logname= uid=0 euid=0 tty=ssh ruser= rhost=123.244.9.76  user=root
Nov  5 07:41:17 localhost sshd[22041]: Failed password for root from 221.194.47.242 port 42108 ssh2
Nov  5 07:41:17 localhost unix_chkpwd[22047]: password check failed for user (root)
Nov  5 07:41:19 localhost sshd[22043]: Failed password for root from 123.244.9.76 port 42658 ssh2
Nov  5 07:41:19 localhost sshd[22041]: Failed password for root from 221.194.47.242 port 42108 ssh2
Nov  5 07:41:19 localhost unix_chkpwd[22048]: password check failed for user (root)
Nov  5 07:41:19 localhost unix_chkpwd[22049]: password check failed for user (root)
Nov  5 07:41:22 localhost sshd[22043]: Failed password for root from 123.244.9.76 port 42658 ssh2
Nov  5 07:41:22 localhost sshd[22041]: Failed password for root from 221.194.47.242 port 42108 ssh2
Nov  5 07:41:22 localhost sshd[22042]: Received disconnect from 221.194.47.242: 11: 
Nov  5 07:41:22 localhost sshd[22041]: PAM 2 more authentication failures; logname= uid=0 euid=0 tty=ssh ruser= rhost=221.194.47.242  user=root
Nov  5 07:41:24 localhost unix_chkpwd[22050]: password check failed for user (root)
Nov  5 07:41:27 localhost sshd[22043]: Failed password for root from 123.244.9.76 port 42658 ssh2
Nov  5 07:41:27 localhost sshd[22044]: Received disconnect from 123.244.9.76: 11: 
Nov  5 07:41:27 localhost sshd[22043]: PAM 2 more authentication failures; logname= uid=0 euid=0 tty=ssh ruser= rhost=123.244.9.76  user=root
Nov  5 07:41:32 localhost sshd[22051]: reverse mapping checking getaddrinfo for 76.9.244.123.broad.tl.ln.dynamic.163data.com.cn [123.244.9.76] failed - POSSIBLE BREAK-IN ATTEMPT!
Nov  5 07:41:32 localhost unix_chkpwd[22053]: password check failed for user (root)
Nov  5 07:41:32 localhost sshd[22051]: pam_unix(sshd:auth): authentication failure; logname= uid=0 euid=0 tty=ssh ruser= rhost=123.244.9.76  user=root
Nov  5 07:41:33 localhost sshd[21991]: Connection closed by 123.59.148.234
Nov  5 07:41:34 localhost sshd[22051]: Failed password for root from 123.244.9.76 port 36516 ssh2
Nov  5 07:41:34 localhost unix_chkpwd[22054]: password check failed for user (root)
Nov  5 07:41:36 localhost sshd[22051]: Failed password for root from 123.244.9.76 port 36516 ssh2
Nov  5 07:41:36 localhost unix_chkpwd[22055]: password check failed for user (root)
Nov  5 07:41:38 localhost sshd[22051]: Failed password for root from 123.244.9.76 port 36516 ssh2
Nov  5 07:41:39 localhost sshd[22052]: Received disconnect from 123.244.9.76: 11: 
Nov  5 07:41:39 localhost sshd[22051]: PAM 2 more authentication failures; logname= uid=0 euid=0 tty=ssh ruser= rhost=123.244.9.76  user=root
Nov  5 07:41:42 localhost sshd[22056]: reverse mapping checking getaddrinfo for 76.9.244.123.broad.tl.ln.dynamic.163data.com.cn [123.244.9.76] failed - POSSIBLE BREAK-IN ATTEMPT!
Nov  5 07:41:42 localhost unix_chkpwd[22058]: password check failed for user (root)
Nov  5 07:41:42 localhost sshd[22056]: pam_unix(sshd:auth): authentication failure; logname= uid=0 euid=0 tty=ssh ruser= rhost=123.244.9.76  user=root
Nov  5 07:41:44 localhost sshd[22056]: Failed password for root from 123.244.9.76 port 60976 ssh2
Nov  5 07:41:45 localhost unix_chkpwd[22059]: password check failed for user (root)
Nov  5 07:41:46 localhost sshd[22056]: Failed password for root from 123.244.9.76 port 60976 ssh2
Nov  5 07:41:47 localhost unix_chkpwd[22060]: password check failed for user (root)
Nov  5 07:41:49 localhost sshd[22056]: Failed password for root from 123.244.9.76 port 60976 ssh2
Nov  5 07:41:49 localhost sshd[22057]: Received disconnect from 123.244.9.76: 11: 
Nov  5 07:41:49 localhost sshd[22056]: PAM 2 more authentication failures; logname= uid=0 euid=0 tty=ssh ruser= rhost=123.244.9.76  user=root
Nov  5 07:41:52 localhost sshd[22061]: reverse mapping checking getaddrinfo for 76.9.244.123.broad.tl.ln.dynamic.163data.com.cn [123.244.9.76] failed - POSSIBLE BREAK-IN ATTEMPT!
Nov  5 07:41:53 localhost unix_chkpwd[22063]: password check failed for user (root)
Nov  5 07:41:53 localhost sshd[22061]: pam_unix(sshd:auth): authentication failure; logname= uid=0 euid=0 tty=ssh ruser= rhost=123.244.9.76  user=root
Nov  5 07:41:55 localhost sshd[22061]: Failed password for root from 123.244.9.76 port 36517 ssh2
Nov  5 07:41:55 localhost unix_chkpwd[22064]: password check failed for user (root)
Nov  5 07:41:57 localhost sshd[22061]: Failed password for root from 123.244.9.76 port 36517 ssh2
Nov  5 07:41:58 localhost unix_chkpwd[22065]: password check failed for user (root)
Nov  5 07:42:00 localhost sshd[22061]: Failed password for root from 123.244.9.76 port 36517 ssh2
Nov  5 07:42:00 localhost sshd[22062]: Received disconnect from 123.244.9.76: 11: 
Nov  5 07:42:00 localhost sshd[22061]: PAM 2 more authentication failures; logname= uid=0 euid=0 tty=ssh ruser= rhost=123.244.9.76  user=root
Nov  5 07:42:03 localhost sshd[22066]: reverse mapping checking getaddrinfo for 76.9.244.123.broad.tl.ln.dynamic.163data.com.cn [123.244.9.76] failed - POSSIBLE BREAK-IN ATTEMPT!
Nov  5 07:42:03 localhost unix_chkpwd[22068]: password check failed for user (root)
Nov  5 07:42:03 localhost sshd[22066]: pam_unix(sshd:auth): authentication failure; logname= uid=0 euid=0 tty=ssh ruser= rhost=123.244.9.76  user=root
Nov  5 07:42:05 localhost sshd[22066]: Failed password for root from 123.244.9.76 port 45842 ssh2
Nov  5 07:42:05 localhost unix_chkpwd[22069]: password check failed for user (root)
Nov  5 07:42:07 localhost sshd[22066]: Failed password for root from 123.244.9.76 port 45842 ssh2
Nov  5 07:42:07 localhost unix_chkpwd[22070]: password check failed for user (root)
Nov  5 07:42:09 localhost sshd[22066]: Failed password for root from 123.244.9.76 port 45842 ssh2
Nov  5 07:42:10 localhost sshd[22067]: Received disconnect from 123.244.9.76: 11: 
Nov  5 07:42:10 localhost sshd[22066]: PAM 2 more authentication failures; logname= uid=0 euid=0 tty=ssh ruser= rhost=123.244.9.76  user=root
Nov  5 07:42:15 localhost sshd[22071]: reverse mapping checking getaddrinfo for 76.9.244.123.broad.tl.ln.dynamic.163data.com.cn [123.244.9.76] failed - POSSIBLE BREAK-IN ATTEMPT!
Nov  5 07:42:15 localhost unix_chkpwd[22073]: password check failed for user (root)
Nov  5 07:42:15 localhost sshd[22071]: pam_unix(sshd:auth): authentication failure; logname= uid=0 euid=0 tty=ssh ruser= rhost=123.244.9.76  user=root
Nov  5 07:42:16 localhost sshd[22071]: Failed password for root from 123.244.9.76 port 46510 ssh2
Nov  5 07:42:17 localhost unix_chkpwd[22074]: password check failed for user (root)
Nov  5 07:42:19 localhost sshd[22071]: Failed password for root from 123.244.9.76 port 46510 ssh2
Nov  5 07:42:19 localhost unix_chkpwd[22075]: password check failed for user (root)
Nov  5 07:42:21 localhost sshd[22071]: Failed password for root from 123.244.9.76 port 46510 ssh2
Nov  5 07:42:22 localhost sshd[22072]: Received disconnect from 123.244.9.76: 11: 
Nov  5 07:42:22 localhost sshd[22071]: PAM 2 more authentication failures; logname= uid=0 euid=0 tty=ssh ruser= rhost=123.244.9.76  user=root
Nov  5 07:42:26 localhost sshd[22076]: reverse mapping checking getaddrinfo for 76.9.244.123.broad.tl.ln.dynamic.163data.com.cn [123.244.9.76] failed - POSSIBLE BREAK-IN ATTEMPT!
Nov  5 07:42:27 localhost unix_chkpwd[22078]: password check failed for user (root)
Nov  5 07:42:27 localhost sshd[22076]: pam_unix(sshd:auth): authentication failure; logname= uid=0 euid=0 tty=ssh ruser= rhost=123.244.9.76  user=root
Nov  5 07:42:28 localhost sshd[22076]: Failed password for root from 123.244.9.76 port 41892 ssh2
Nov  5 07:42:29 localhost unix_chkpwd[22079]: password check failed for user (root)
Nov  5 07:42:30 localhost sshd[22076]: Failed password for root from 123.244.9.76 port 41892 ssh2
Nov  5 07:42:31 localhost unix_chkpwd[22080]: password check failed for user (root)
Nov  5 07:42:32 localhost sshd[22076]: Failed password for root from 123.244.9.76 port 41892 ssh2
Nov  5 07:42:33 localhost sshd[22077]: Received disconnect from 123.244.9.76: 11: 
Nov  5 07:42:33 localhost sshd[22076]: PAM 2 more authentication failures; logname= uid=0 euid=0 tty=ssh ruser= rhost=123.244.9.76  user=root
Nov  5 07:42:40 localhost sshd[22081]: reverse mapping checking getaddrinfo for 76.9.244.123.broad.tl.ln.dynamic.163data.com.cn [123.244.9.76] failed - POSSIBLE BREAK-IN ATTEMPT!
Nov  5 07:42:40 localhost unix_chkpwd[22083]: password check failed for user (root)
Nov  5 07:42:40 localhost sshd[22081]: pam_unix(sshd:auth): authentication failure; logname= uid=0 euid=0 tty=ssh ruser= rhost=123.244.9.76  user=root
Nov  5 07:42:42 localhost sshd[22081]: Failed password for root from 123.244.9.76 port 36576 ssh2
Nov  5 07:42:42 localhost unix_chkpwd[22084]: password check failed for user (root)
Nov  5 07:42:44 localhost sshd[22081]: Failed password for root from 123.244.9.76 port 36576 ssh2
Nov  5 07:42:44 localhost unix_chkpwd[22085]: password check failed for user (root)
Nov  5 07:42:47 localhost sshd[22081]: Failed password for root from 123.244.9.76 port 36576 ssh2
Nov  5 07:42:47 localhost sshd[22082]: Received disconnect from 123.244.9.76: 11: 
Nov  5 07:42:47 localhost sshd[22081]: PAM 2 more authentication failures; logname= uid=0 euid=0 tty=ssh ruser= rhost=123.244.9.76  user=root
Nov  5 07:42:50 localhost sshd[22086]: reverse mapping checking getaddrinfo for 76.9.244.123.broad.tl.ln.dynamic.163data.com.cn [123.244.9.76] failed - POSSIBLE BREAK-IN ATTEMPT!
Nov  5 07:42:50 localhost unix_chkpwd[22088]: password check failed for user (root)
Nov  5 07:42:50 localhost sshd[22086]: pam_unix(sshd:auth): authentication failure; logname= uid=0 euid=0 tty=ssh ruser= rhost=123.244.9.76  user=root
Nov  5 07:42:52 localhost sshd[22086]: Failed password for root from 123.244.9.76 port 41900 ssh2
Nov  5 07:42:52 localhost unix_chkpwd[22089]: password check failed for user (root)
Nov  5 07:42:54 localhost sshd[22086]: Failed password for root from 123.244.9.76 port 41900 ssh2
Nov  5 07:42:54 localhost unix_chkpwd[22090]: password check failed for user (root)
Nov  5 07:42:56 localhost sshd[22086]: Failed password for root from 123.244.9.76 port 41900 ssh2
Nov  5 07:42:56 localhost sshd[22087]: Received disconnect from 123.244.9.76: 11: 
Nov  5 07:42:56 localhost sshd[22086]: PAM 2 more authentication failures; logname= uid=0 euid=0 tty=ssh ruser= rhost=123.244.9.76  user=root
Nov  5 07:42:59 localhost sshd[22091]: reverse mapping checking getaddrinfo for 76.9.244.123.broad.tl.ln.dynamic.163data.com.cn [123.244.9.76] failed - POSSIBLE BREAK-IN ATTEMPT!
Nov  5 07:43:01 localhost unix_chkpwd[22093]: password check failed for user (root)
Nov  5 07:43:01 localhost sshd[22091]: pam_unix(sshd:auth): authentication failure; logname= uid=0 euid=0 tty=ssh ruser= rhost=123.244.9.76  user=root
Nov  5 07:43:03 localhost sshd[22091]: Failed password for root from 123.244.9.76 port 58572 ssh2
Nov  5 07:43:04 localhost unix_chkpwd[22094]: password check failed for user (root)
Nov  5 07:43:06 localhost sshd[22091]: Failed password for root from 123.244.9.76 port 58572 ssh2
Nov  5 07:43:06 localhost unix_chkpwd[22095]: password check failed for user (root)
Nov  5 07:43:07 localhost sshd[22091]: Failed password for root from 123.244.9.76 port 58572 ssh2
Nov  5 07:43:08 localhost sshd[22092]: Received disconnect from 123.244.9.76: 11: 
Nov  5 07:43:08 localhost sshd[22091]: PAM 2 more authentication failures; logname= uid=0 euid=0 tty=ssh ruser= rhost=123.244.9.76  user=root
Nov  5 07:43:14 localhost sshd[22096]: reverse mapping checking getaddrinfo for 186-130-203-144.speedy.com.ar [186.130.203.144] failed - POSSIBLE BREAK-IN ATTEMPT!
Nov  5 07:43:14 localhost sshd[22096]: Invalid user admin from 186.130.203.144
Nov  5 07:43:14 localhost sshd[22097]: input_userauth_request: invalid user admin
Nov  5 07:43:14 localhost sshd[22096]: pam_unix(sshd:auth): check pass; user unknown
Nov  5 07:43:14 localhost sshd[22096]: pam_unix(sshd:auth): authentication failure; logname= uid=0 euid=0 tty=ssh ruser= rhost=186.130.203.144 
Nov  5 07:43:14 localhost sshd[22096]: pam_succeed_if(sshd:auth): error retrieving information about user admin
Nov  5 07:43:17 localhost sshd[22096]: Failed password for invalid user admin from 186.130.203.144 port 42648 ssh2
Nov  5 07:43:17 localhost sshd[22096]: pam_unix(sshd:auth): check pass; user unknown
Nov  5 07:43:17 localhost sshd[22096]: pam_succeed_if(sshd:auth): error retrieving information about user admin
Nov  5 07:43:18 localhost sshd[22096]: Failed password for invalid user admin from 186.130.203.144 port 42648 ssh2
Nov  5 07:43:19 localhost sshd[22096]: pam_unix(sshd:auth): check pass; user unknown
Nov  5 07:43:19 localhost sshd[22096]: pam_succeed_if(sshd:auth): error retrieving information about user admin
Nov  5 07:43:21 localhost sshd[22096]: Failed password for invalid user admin from 186.130.203.144 port 42648 ssh2
Nov  5 07:43:21 localhost sshd[22096]: pam_unix(sshd:auth): check pass; user unknown
Nov  5 07:43:21 localhost sshd[22096]: pam_succeed_if(sshd:auth): error retrieving information about user admin
Nov  5 07:43:23 localhost sshd[22096]: Failed password for invalid user admin from 186.130.203.144 port 42648 ssh2
Nov  5 07:43:23 localhost sshd[22096]: pam_unix(sshd:auth): check pass; user unknown
Nov  5 07:43:23 localhost sshd[22096]: pam_succeed_if(sshd:auth): error retrieving information about user admin
Nov  5 07:43:25 localhost sshd[22096]: Failed password for invalid user admin from 186.130.203.144 port 42648 ssh2
Nov  5 07:43:25 localhost sshd[22096]: pam_unix(sshd:auth): check pass; user unknown
Nov  5 07:43:25 localhost sshd[22096]: pam_succeed_if(sshd:auth): error retrieving information about user admin
Nov  5 07:43:27 localhost sshd[22096]: Failed password for invalid user admin from 186.130.203.144 port 42648 ssh2
Nov  5 07:43:27 localhost sshd[22097]: Disconnecting: Too many authentication failures for admin
Nov  5 07:43:27 localhost sshd[22096]: PAM 5 more authentication failures; logname= uid=0 euid=0 tty=ssh ruser= rhost=186.130.203.144 
Nov  5 07:43:27 localhost sshd[22096]: PAM service(sshd) ignoring max retries; 6 > 3
Nov  5 07:58:32 localhost unix_chkpwd[22102]: password check failed for user (root)
Nov  5 07:58:32 localhost sshd[22098]: pam_unix(sshd:auth): authentication failure; logname= uid=0 euid=0 tty=ssh ruser= rhost=121.18.238.125  user=root
Nov  5 07:58:34 localhost sshd[22098]: Failed password for root from 121.18.238.125 port 47618 ssh2
Nov  5 07:58:34 localhost unix_chkpwd[22103]: password check failed for user (root)
Nov  5 07:58:36 localhost sshd[22098]: Failed password for root from 121.18.238.125 port 47618 ssh2
Nov  5 07:58:36 localhost unix_chkpwd[22104]: password check failed for user (root)
Nov  5 07:58:38 localhost sshd[22098]: Failed password for root from 121.18.238.125 port 47618 ssh2
Nov  5 07:58:38 localhost sshd[22099]: Received disconnect from 121.18.238.125: 11: 
Nov  5 07:58:38 localhost sshd[22098]: PAM 2 more authentication failures; logname= uid=0 euid=0 tty=ssh ruser= rhost=121.18.238.125  user=root
Nov  5 07:58:41 localhost unix_chkpwd[22107]: password check failed for user (root)
Nov  5 07:58:41 localhost sshd[22105]: pam_unix(sshd:auth): authentication failure; logname= uid=0 euid=0 tty=ssh ruser= rhost=121.18.238.125  user=root
Nov  5 07:58:43 localhost sshd[22105]: Failed password for root from 121.18.238.125 port 40398 ssh2
Nov  5 07:58:43 localhost unix_chkpwd[22108]: password check failed for user (root)
Nov  5 07:58:45 localhost sshd[22105]: Failed password for root from 121.18.238.125 port 40398 ssh2
Nov  5 07:58:45 localhost unix_chkpwd[22109]: password check failed for user (root)
Nov  5 07:58:48 localhost sshd[22105]: Failed password for root from 121.18.238.125 port 40398 ssh2
Nov  5 07:58:48 localhost sshd[22106]: Received disconnect from 121.18.238.125: 11: 
Nov  5 07:58:48 localhost sshd[22105]: PAM 2 more authentication failures; logname= uid=0 euid=0 tty=ssh ruser= rhost=121.18.238.125  user=root
Nov  5 07:58:50 localhost unix_chkpwd[22112]: password check failed for user (root)
Nov  5 07:58:50 localhost sshd[22110]: pam_unix(sshd:auth): authentication failure; logname= uid=0 euid=0 tty=ssh ruser= rhost=121.18.238.125  user=root
Nov  5 07:58:53 localhost sshd[22110]: Failed password for root from 121.18.238.125 port 58424 ssh2
Nov  5 07:58:53 localhost unix_chkpwd[22113]: password check failed for user (root)
Nov  5 07:58:55 localhost sshd[22110]: Failed password for root from 121.18.238.125 port 58424 ssh2
Nov  5 07:58:55 localhost unix_chkpwd[22114]: password check failed for user (root)
Nov  5 07:58:57 localhost sshd[22110]: Failed password for root from 121.18.238.125 port 58424 ssh2
Nov  5 07:58:57 localhost sshd[22111]: Received disconnect from 121.18.238.125: 11: 
Nov  5 07:58:57 localhost sshd[22110]: PAM 2 more authentication failures; logname= uid=0 euid=0 tty=ssh ruser= rhost=121.18.238.125  user=root
Nov  5 07:58:59 localhost unix_chkpwd[22117]: password check failed for user (root)
Nov  5 07:58:59 localhost sshd[22115]: pam_unix(sshd:auth): authentication failure; logname= uid=0 euid=0 tty=ssh ruser= rhost=121.18.238.125  user=root
Nov  5 07:59:02 localhost sshd[22115]: Failed password for root from 121.18.238.125 port 53074 ssh2
Nov  5 07:59:02 localhost unix_chkpwd[22118]: password check failed for user (root)
Nov  5 07:59:04 localhost sshd[22115]: Failed password for root from 121.18.238.125 port 53074 ssh2
Nov  5 07:59:04 localhost unix_chkpwd[22119]: password check failed for user (root)
Nov  5 07:59:06 localhost sshd[22115]: Failed password for root from 121.18.238.125 port 53074 ssh2
Nov  5 07:59:07 localhost sshd[22116]: Received disconnect from 121.18.238.125: 11: 
Nov  5 07:59:07 localhost sshd[22115]: PAM 2 more authentication failures; logname= uid=0 euid=0 tty=ssh ruser= rhost=121.18.238.125  user=root
Nov  5 07:59:08 localhost unix_chkpwd[22122]: password check failed for user (root)
Nov  5 07:59:08 localhost sshd[22120]: pam_unix(sshd:auth): authentication failure; logname= uid=0 euid=0 tty=ssh ruser= rhost=121.18.238.125  user=root
Nov  5 07:59:11 localhost sshd[22120]: Failed password for root from 121.18.238.125 port 42675 ssh2
Nov  5 07:59:11 localhost unix_chkpwd[22123]: password check failed for user (root)
Nov  5 07:59:13 localhost sshd[22120]: Failed password for root from 121.18.238.125 port 42675 ssh2
Nov  5 07:59:14 localhost unix_chkpwd[22124]: password check failed for user (root)
Nov  5 07:59:16 localhost sshd[22120]: Failed password for root from 121.18.238.125 port 42675 ssh2
Nov  5 07:59:16 localhost sshd[22121]: Received disconnect from 121.18.238.125: 11: 
Nov  5 07:59:16 localhost sshd[22120]: PAM 2 more authentication failures; logname= uid=0 euid=0 tty=ssh ruser= rhost=121.18.238.125  user=root
Nov  5 07:59:18 localhost unix_chkpwd[22127]: password check failed for user (root)
Nov  5 07:59:18 localhost sshd[22125]: pam_unix(sshd:auth): authentication failure; logname= uid=0 euid=0 tty=ssh ruser= rhost=121.18.238.125  user=root
Nov  5 07:59:20 localhost sshd[22125]: Failed password for root from 121.18.238.125 port 58159 ssh2
Nov  5 07:59:20 localhost unix_chkpwd[22128]: password check failed for user (root)
Nov  5 07:59:22 localhost sshd[22125]: Failed password for root from 121.18.238.125 port 58159 ssh2
Nov  5 07:59:23 localhost unix_chkpwd[22129]: password check failed for user (root)
Nov  5 07:59:25 localhost sshd[22125]: Failed password for root from 121.18.238.125 port 58159 ssh2
Nov  5 07:59:25 localhost sshd[22126]: Received disconnect from 121.18.238.125: 11: 
Nov  5 07:59:25 localhost sshd[22125]: PAM 2 more authentication failures; logname= uid=0 euid=0 tty=ssh ruser= rhost=121.18.238.125  user=root
Nov  5 07:59:27 localhost unix_chkpwd[22132]: password check failed for user (root)
Nov  5 07:59:27 localhost sshd[22130]: pam_unix(sshd:auth): authentication failure; logname= uid=0 euid=0 tty=ssh ruser= rhost=121.18.238.125  user=root
Nov  5 07:59:30 localhost sshd[22130]: Failed password for root from 121.18.238.125 port 44109 ssh2
Nov  5 07:59:30 localhost unix_chkpwd[22133]: password check failed for user (root)
Nov  5 07:59:32 localhost sshd[22130]: Failed password for root from 121.18.238.125 port 44109 ssh2
Nov  5 07:59:32 localhost unix_chkpwd[22134]: password check failed for user (root)
Nov  5 07:59:35 localhost sshd[22130]: Failed password for root from 121.18.238.125 port 44109 ssh2
Nov  5 07:59:36 localhost sshd[22131]: Received disconnect from 121.18.238.125: 11: 
Nov  5 07:59:36 localhost sshd[22130]: PAM 2 more authentication failures; logname= uid=0 euid=0 tty=ssh ruser= rhost=121.18.238.125  user=root
Nov  5 07:59:39 localhost unix_chkpwd[22137]: password check failed for user (root)
Nov  5 07:59:39 localhost sshd[22135]: pam_unix(sshd:auth): authentication failure; logname= uid=0 euid=0 tty=ssh ruser= rhost=121.18.238.125  user=root
Nov  5 07:59:42 localhost sshd[22135]: Failed password for root from 121.18.238.125 port 34413 ssh2
Nov  5 07:59:42 localhost unix_chkpwd[22138]: password check failed for user (root)
Nov  5 07:59:44 localhost sshd[22135]: Failed password for root from 121.18.238.125 port 34413 ssh2
Nov  5 07:59:44 localhost unix_chkpwd[22139]: password check failed for user (root)
Nov  5 07:59:46 localhost sshd[22135]: Failed password for root from 121.18.238.125 port 34413 ssh2
Nov  5 07:59:47 localhost sshd[22136]: Received disconnect from 121.18.238.125: 11: 
Nov  5 07:59:47 localhost sshd[22135]: PAM 2 more authentication failures; logname= uid=0 euid=0 tty=ssh ruser= rhost=121.18.238.125  user=root
Nov  5 07:59:50 localhost unix_chkpwd[22142]: password check failed for user (root)
Nov  5 07:59:50 localhost sshd[22140]: pam_unix(sshd:auth): authentication failure; logname= uid=0 euid=0 tty=ssh ruser= rhost=121.18.238.125  user=root
Nov  5 07:59:52 localhost sshd[22140]: Failed password for root from 121.18.238.125 port 54853 ssh2
Nov  5 07:59:53 localhost unix_chkpwd[22143]: password check failed for user (root)
Nov  5 07:59:55 localhost sshd[22140]: Failed password for root from 121.18.238.125 port 54853 ssh2
Nov  5 07:59:55 localhost unix_chkpwd[22144]: password check failed for user (root)
Nov  5 07:59:58 localhost sshd[22140]: Failed password for root from 121.18.238.125 port 54853 ssh2
Nov  5 07:59:58 localhost sshd[22141]: Received disconnect from 121.18.238.125: 11: 
Nov  5 07:59:58 localhost sshd[22140]: PAM 2 more authentication failures; logname= uid=0 euid=0 tty=ssh ruser= rhost=121.18.238.125  user=root
Nov  5 08:00:00 localhost unix_chkpwd[22147]: password check failed for user (root)
Nov  5 08:00:00 localhost sshd[22145]: pam_unix(sshd:auth): authentication failure; logname= uid=0 euid=0 tty=ssh ruser= rhost=121.18.238.125  user=root
Nov  5 08:00:02 localhost sshd[22145]: Failed password for root from 121.18.238.125 port 46463 ssh2
Nov  5 08:00:02 localhost unix_chkpwd[22150]: password check failed for user (root)
Nov  5 08:00:03 localhost sshd[22148]: Address 92.222.40.57 maps to shell.ashellz.com, but this does not map back to the address - POSSIBLE BREAK-IN ATTEMPT!
Nov  5 08:00:03 localhost sshd[22148]: Invalid user user from 92.222.40.57
Nov  5 08:00:03 localhost sshd[22149]: input_userauth_request: invalid user user
Nov  5 08:00:03 localhost sshd[22148]: pam_unix(sshd:auth): check pass; user unknown
Nov  5 08:00:03 localhost sshd[22148]: pam_unix(sshd:auth): authentication failure; logname= uid=0 euid=0 tty=ssh ruser= rhost=92.222.40.57 
Nov  5 08:00:03 localhost sshd[22148]: pam_succeed_if(sshd:auth): error retrieving information about user user
Nov  5 08:00:04 localhost sshd[22145]: Failed password for root from 121.18.238.125 port 46463 ssh2
Nov  5 08:00:05 localhost unix_chkpwd[22151]: password check failed for user (root)
Nov  5 08:00:05 localhost sshd[22148]: Failed password for invalid user user from 92.222.40.57 port 61448 ssh2
Nov  5 08:00:05 localhost sshd[22148]: pam_unix(sshd:auth): check pass; user unknown
Nov  5 08:00:05 localhost sshd[22148]: pam_succeed_if(sshd:auth): error retrieving information about user user
Nov  5 08:00:06 localhost sshd[22145]: Failed password for root from 121.18.238.125 port 46463 ssh2
Nov  5 08:00:07 localhost sshd[22146]: Received disconnect from 121.18.238.125: 11: 
Nov  5 08:00:07 localhost sshd[22145]: PAM 2 more authentication failures; logname= uid=0 euid=0 tty=ssh ruser= rhost=121.18.238.125  user=root
Nov  5 08:00:07 localhost sshd[22148]: Failed password for invalid user user from 92.222.40.57 port 61448 ssh2
Nov  5 08:00:07 localhost sshd[22148]: pam_unix(sshd:auth): check pass; user unknown
Nov  5 08:00:07 localhost sshd[22148]: pam_succeed_if(sshd:auth): error retrieving information about user user
Nov  5 08:00:09 localhost unix_chkpwd[22154]: password check failed for user (root)
Nov  5 08:00:09 localhost sshd[22152]: pam_unix(sshd:auth): authentication failure; logname= uid=0 euid=0 tty=ssh ruser= rhost=121.18.238.125  user=root
Nov  5 08:00:10 localhost sshd[22148]: Failed password for invalid user user from 92.222.40.57 port 61448 ssh2
Nov  5 08:00:10 localhost sshd[22149]: Connection closed by 92.222.40.57
Nov  5 08:00:10 localhost sshd[22148]: PAM 2 more authentication failures; logname= uid=0 euid=0 tty=ssh ruser= rhost=92.222.40.57 
Nov  5 08:00:11 localhost sshd[22152]: Failed password for root from 121.18.238.125 port 51248 ssh2
Nov  5 08:00:11 localhost unix_chkpwd[22155]: password check failed for user (root)
Nov  5 08:00:13 localhost sshd[22152]: Failed password for root from 121.18.238.125 port 51248 ssh2
Nov  5 08:00:14 localhost unix_chkpwd[22156]: password check failed for user (root)
Nov  5 08:00:16 localhost sshd[22152]: Failed password for root from 121.18.238.125 port 51248 ssh2
Nov  5 08:00:16 localhost sshd[22153]: Received disconnect from 121.18.238.125: 11: 
Nov  5 08:00:16 localhost sshd[22152]: PAM 2 more authentication failures; logname= uid=0 euid=0 tty=ssh ruser= rhost=121.18.238.125  user=root
Nov  5 08:00:18 localhost unix_chkpwd[22159]: password check failed for user (root)
Nov  5 08:00:18 localhost sshd[22157]: pam_unix(sshd:auth): authentication failure; logname= uid=0 euid=0 tty=ssh ruser= rhost=121.18.238.125  user=root
Nov  5 08:00:20 localhost sshd[22157]: Failed password for root from 121.18.238.125 port 53790 ssh2
Nov  5 08:00:21 localhost unix_chkpwd[22160]: password check failed for user (root)
Nov  5 08:00:23 localhost sshd[22157]: Failed password for root from 121.18.238.125 port 53790 ssh2
Nov  5 08:00:24 localhost unix_chkpwd[22161]: password check failed for user (root)
Nov  5 08:00:26 localhost sshd[22157]: Failed password for root from 121.18.238.125 port 53790 ssh2
Nov  5 08:00:26 localhost sshd[22158]: Received disconnect from 121.18.238.125: 11: 
Nov  5 08:00:26 localhost sshd[22157]: PAM 2 more authentication failures; logname= uid=0 euid=0 tty=ssh ruser= rhost=121.18.238.125  user=root
Nov  5 08:00:33 localhost unix_chkpwd[22164]: password check failed for user (root)
Nov  5 08:00:33 localhost sshd[22162]: pam_unix(sshd:auth): authentication failure; logname= uid=0 euid=0 tty=ssh ruser= rhost=121.18.238.125  user=root
Nov  5 08:00:36 localhost sshd[22162]: Failed password for root from 121.18.238.125 port 48261 ssh2
Nov  5 08:00:36 localhost unix_chkpwd[22165]: password check failed for user (root)
Nov  5 08:00:39 localhost sshd[22162]: Failed password for root from 121.18.238.125 port 48261 ssh2
Nov  5 08:00:39 localhost unix_chkpwd[22166]: password check failed for user (root)
Nov  5 08:00:41 localhost sshd[22162]: Failed password for root from 121.18.238.125 port 48261 ssh2
Nov  5 08:00:41 localhost sshd[22163]: Received disconnect from 121.18.238.125: 11: 
Nov  5 08:00:41 localhost sshd[22162]: PAM 2 more authentication failures; logname= uid=0 euid=0 tty=ssh ruser= rhost=121.18.238.125  user=root
Nov  5 08:00:43 localhost unix_chkpwd[22169]: password check failed for user (root)
Nov  5 08:00:43 localhost sshd[22167]: pam_unix(sshd:auth): authentication failure; logname= uid=0 euid=0 tty=ssh ruser= rhost=121.18.238.125  user=root
Nov  5 08:00:45 localhost sshd[22167]: Failed password for root from 121.18.238.125 port 54366 ssh2
Nov  5 08:00:45 localhost unix_chkpwd[22170]: password check failed for user (root)
Nov  5 08:00:48 localhost sshd[22167]: Failed password for root from 121.18.238.125 port 54366 ssh2
Nov  5 08:00:48 localhost unix_chkpwd[22171]: password check failed for user (root)
Nov  5 08:00:50 localhost sshd[22167]: Failed password for root from 121.18.238.125 port 54366 ssh2
Nov  5 08:00:51 localhost sshd[22168]: Received disconnect from 121.18.238.125: 11: 
Nov  5 08:00:51 localhost sshd[22167]: PAM 2 more authentication failures; logname= uid=0 euid=0 tty=ssh ruser= rhost=121.18.238.125  user=root
Nov  5 08:00:52 localhost unix_chkpwd[22174]: password check failed for user (root)
Nov  5 08:00:52 localhost sshd[22172]: pam_unix(sshd:auth): authentication failure; logname= uid=0 euid=0 tty=ssh ruser= rhost=121.18.238.125  user=root
Nov  5 08:00:54 localhost sshd[22172]: Failed password for root from 121.18.238.125 port 35448 ssh2
Nov  5 08:00:54 localhost unix_chkpwd[22175]: password check failed for user (root)
Nov  5 08:00:56 localhost sshd[22172]: Failed password for root from 121.18.238.125 port 35448 ssh2
Nov  5 08:00:57 localhost unix_chkpwd[22176]: password check failed for user (root)
Nov  5 08:00:59 localhost sshd[22172]: Failed password for root from 121.18.238.125 port 35448 ssh2
Nov  5 08:01:00 localhost sshd[22173]: Received disconnect from 121.18.238.125: 11: 
Nov  5 08:01:00 localhost sshd[22172]: PAM 2 more authentication failures; logname= uid=0 euid=0 tty=ssh ruser= rhost=121.18.238.125  user=root
Nov  5 08:01:01 localhost unix_chkpwd[22179]: password check failed for user (root)
Nov  5 08:01:01 localhost sshd[22177]: pam_unix(sshd:auth): authentication failure; logname= uid=0 euid=0 tty=ssh ruser= rhost=121.18.238.125  user=root
Nov  5 08:01:03 localhost sshd[22177]: Failed password for root from 121.18.238.125 port 44927 ssh2
Nov  5 08:01:04 localhost unix_chkpwd[22180]: password check failed for user (root)
Nov  5 08:01:05 localhost sshd[22177]: Failed password for root from 121.18.238.125 port 44927 ssh2
Nov  5 08:01:05 localhost unix_chkpwd[22181]: password check failed for user (root)
Nov  5 08:01:07 localhost sshd[22177]: Failed password for root from 121.18.238.125 port 44927 ssh2
Nov  5 08:01:08 localhost sshd[22178]: Received disconnect from 121.18.238.125: 11: 
Nov  5 08:01:08 localhost sshd[22177]: PAM 2 more authentication failures; logname= uid=0 euid=0 tty=ssh ruser= rhost=121.18.238.125  user=root
Nov  5 08:01:10 localhost unix_chkpwd[22184]: password check failed for user (root)
Nov  5 08:01:10 localhost sshd[22182]: pam_unix(sshd:auth): authentication failure; logname= uid=0 euid=0 tty=ssh ruser= rhost=121.18.238.125  user=root
Nov  5 08:01:11 localhost sshd[22182]: Failed password for root from 121.18.238.125 port 47095 ssh2
Nov  5 08:01:11 localhost unix_chkpwd[22187]: password check failed for user (root)
Nov  5 08:01:13 localhost unix_chkpwd[22188]: password check failed for user (root)
Nov  5 08:01:13 localhost sshd[22185]: pam_unix(sshd:auth): authentication failure; logname= uid=0 euid=0 tty=ssh ruser= rhost=221.194.44.212  user=root
Nov  5 08:01:13 localhost sshd[22182]: Failed password for root from 121.18.238.125 port 47095 ssh2
Nov  5 08:01:14 localhost unix_chkpwd[22189]: password check failed for user (root)
Nov  5 08:01:14 localhost sshd[22185]: Failed password for root from 221.194.44.212 port 45504 ssh2
Nov  5 08:01:15 localhost unix_chkpwd[22190]: password check failed for user (root)
Nov  5 08:01:15 localhost sshd[22182]: Failed password for root from 121.18.238.125 port 47095 ssh2
Nov  5 08:01:15 localhost sshd[22183]: Received disconnect from 121.18.238.125: 11: 
Nov  5 08:01:15 localhost sshd[22182]: PAM 2 more authentication failures; logname= uid=0 euid=0 tty=ssh ruser= rhost=121.18.238.125  user=root
Nov  5 08:01:17 localhost sshd[22185]: Failed password for root from 221.194.44.212 port 45504 ssh2
Nov  5 08:01:17 localhost unix_chkpwd[22193]: password check failed for user (root)
Nov  5 08:01:17 localhost unix_chkpwd[22194]: password check failed for user (root)
Nov  5 08:01:17 localhost sshd[22191]: pam_unix(sshd:auth): authentication failure; logname= uid=0 euid=0 tty=ssh ruser= rhost=121.18.238.125  user=root
Nov  5 08:01:19 localhost sshd[22185]: Failed password for root from 221.194.44.212 port 45504 ssh2
Nov  5 08:01:19 localhost sshd[22186]: Received disconnect from 221.194.44.212: 11: 
Nov  5 08:01:19 localhost sshd[22185]: PAM 2 more authentication failures; logname= uid=0 euid=0 tty=ssh ruser= rhost=221.194.44.212  user=root
Nov  5 08:01:19 localhost sshd[22191]: Failed password for root from 121.18.238.125 port 46239 ssh2
Nov  5 08:01:20 localhost unix_chkpwd[22195]: password check failed for user (root)
Nov  5 08:01:22 localhost sshd[22191]: Failed password for root from 121.18.238.125 port 46239 ssh2
Nov  5 08:01:22 localhost unix_chkpwd[22198]: password check failed for user (root)
Nov  5 08:01:22 localhost unix_chkpwd[22199]: password check failed for user (root)
Nov  5 08:01:22 localhost sshd[22196]: pam_unix(sshd:auth): authentication failure; logname= uid=0 euid=0 tty=ssh ruser= rhost=221.194.44.212  user=root
Nov  5 08:01:24 localhost sshd[22191]: Failed password for root from 121.18.238.125 port 46239 ssh2
Nov  5 08:01:24 localhost sshd[22196]: Failed password for root from 221.194.44.212 port 51379 ssh2
Nov  5 08:01:24 localhost sshd[22192]: Received disconnect from 121.18.238.125: 11: 
Nov  5 08:01:24 localhost sshd[22191]: PAM 2 more authentication failures; logname= uid=0 euid=0 tty=ssh ruser= rhost=121.18.238.125  user=root
Nov  5 08:01:24 localhost unix_chkpwd[22200]: password check failed for user (root)
Nov  5 08:01:26 localhost sshd[22196]: Failed password for root from 221.194.44.212 port 51379 ssh2
Nov  5 08:01:26 localhost unix_chkpwd[22203]: password check failed for user (root)
Nov  5 08:01:26 localhost sshd[22201]: pam_unix(sshd:auth): authentication failure; logname= uid=0 euid=0 tty=ssh ruser= rhost=121.18.238.125  user=root
Nov  5 08:01:26 localhost unix_chkpwd[22204]: password check failed for user (root)
Nov  5 08:01:28 localhost sshd[22201]: Failed password for root from 121.18.238.125 port 52940 ssh2
Nov  5 08:01:28 localhost sshd[22196]: Failed password for root from 221.194.44.212 port 51379 ssh2
Nov  5 08:01:28 localhost unix_chkpwd[22205]: password check failed for user (root)
Nov  5 08:01:28 localhost sshd[22197]: Received disconnect from 221.194.44.212: 11: 
Nov  5 08:01:28 localhost sshd[22196]: PAM 2 more authentication failures; logname= uid=0 euid=0 tty=ssh ruser= rhost=221.194.44.212  user=root
Nov  5 08:01:30 localhost sshd[22201]: Failed password for root from 121.18.238.125 port 52940 ssh2
Nov  5 08:01:30 localhost unix_chkpwd[22208]: password check failed for user (root)
Nov  5 08:01:30 localhost unix_chkpwd[22209]: password check failed for user (root)
Nov  5 08:01:30 localhost sshd[22206]: pam_unix(sshd:auth): authentication failure; logname= uid=0 euid=0 tty=ssh ruser= rhost=221.194.44.212  user=root
Nov  5 08:01:32 localhost sshd[22201]: Failed password for root from 121.18.238.125 port 52940 ssh2
Nov  5 08:01:32 localhost sshd[22206]: Failed password for root from 221.194.44.212 port 48752 ssh2
Nov  5 08:01:33 localhost unix_chkpwd[22212]: password check failed for user (root)
Nov  5 08:01:33 localhost sshd[22202]: Received disconnect from 121.18.238.125: 11: 
Nov  5 08:01:33 localhost sshd[22201]: PAM 2 more authentication failures; logname= uid=0 euid=0 tty=ssh ruser= rhost=121.18.238.125  user=root
Nov  5 08:01:35 localhost sshd[22206]: Failed password for root from 221.194.44.212 port 48752 ssh2
Nov  5 08:01:35 localhost unix_chkpwd[22215]: password check failed for user (root)
Nov  5 08:01:35 localhost unix_chkpwd[22216]: password check failed for user (root)
Nov  5 08:01:35 localhost sshd[22213]: pam_unix(sshd:auth): authentication failure; logname= uid=0 euid=0 tty=ssh ruser= rhost=121.18.238.125  user=root
Nov  5 08:01:35 localhost sshd[22210]: reverse mapping checking getaddrinfo for kingslabs.primary [139.59.16.198] failed - POSSIBLE BREAK-IN ATTEMPT!
Nov  5 08:01:35 localhost sshd[22210]: Invalid user cacti from 139.59.16.198
Nov  5 08:01:35 localhost sshd[22211]: input_userauth_request: invalid user cacti
Nov  5 08:01:35 localhost sshd[22210]: pam_unix(sshd:auth): check pass; user unknown
Nov  5 08:01:35 localhost sshd[22210]: pam_unix(sshd:auth): authentication failure; logname= uid=0 euid=0 tty=ssh ruser= rhost=139.59.16.198 
Nov  5 08:01:35 localhost sshd[22210]: pam_succeed_if(sshd:auth): error retrieving information about user cacti
Nov  5 08:01:37 localhost sshd[22206]: Failed password for root from 221.194.44.212 port 48752 ssh2
Nov  5 08:01:37 localhost sshd[22213]: Failed password for root from 121.18.238.125 port 60784 ssh2
Nov  5 08:01:37 localhost sshd[22207]: Received disconnect from 221.194.44.212: 11: 
Nov  5 08:01:37 localhost sshd[22206]: PAM 2 more authentication failures; logname= uid=0 euid=0 tty=ssh ruser= rhost=221.194.44.212  user=root
Nov  5 08:01:37 localhost sshd[22210]: Failed password for invalid user cacti from 139.59.16.198 port 34168 ssh2
Nov  5 08:01:37 localhost unix_chkpwd[22217]: password check failed for user (root)
Nov  5 08:01:37 localhost sshd[22211]: Connection closed by 139.59.16.198
Nov  5 08:01:39 localhost unix_chkpwd[22220]: password check failed for user (root)
Nov  5 08:01:39 localhost sshd[22218]: pam_unix(sshd:auth): authentication failure; logname= uid=0 euid=0 tty=ssh ruser= rhost=221.194.44.212  user=root
Nov  5 08:01:39 localhost sshd[22213]: Failed password for root from 121.18.238.125 port 60784 ssh2
Nov  5 08:01:39 localhost unix_chkpwd[22221]: password check failed for user (root)
Nov  5 08:01:41 localhost sshd[22218]: Failed password for root from 221.194.44.212 port 52322 ssh2
Nov  5 08:01:41 localhost unix_chkpwd[22222]: password check failed for user (root)
Nov  5 08:01:41 localhost sshd[22213]: Failed password for root from 121.18.238.125 port 60784 ssh2
Nov  5 08:01:42 localhost sshd[22214]: Received disconnect from 121.18.238.125: 11: 
Nov  5 08:01:42 localhost sshd[22213]: PAM 2 more authentication failures; logname= uid=0 euid=0 tty=ssh ruser= rhost=121.18.238.125  user=root
Nov  5 08:01:43 localhost sshd[22218]: Failed password for root from 221.194.44.212 port 52322 ssh2
Nov  5 08:01:44 localhost unix_chkpwd[22225]: password check failed for user (root)
Nov  5 08:01:44 localhost unix_chkpwd[22226]: password check failed for user (root)
Nov  5 08:01:44 localhost sshd[22223]: pam_unix(sshd:auth): authentication failure; logname= uid=0 euid=0 tty=ssh ruser= rhost=121.18.238.125  user=root
Nov  5 08:01:45 localhost sshd[22218]: Failed password for root from 221.194.44.212 port 52322 ssh2
Nov  5 08:01:45 localhost sshd[22219]: Received disconnect from 221.194.44.212: 11: 
Nov  5 08:01:45 localhost sshd[22218]: PAM 2 more authentication failures; logname= uid=0 euid=0 tty=ssh ruser= rhost=221.194.44.212  user=root
Nov  5 08:01:46 localhost sshd[22223]: Failed password for root from 121.18.238.125 port 38350 ssh2
Nov  5 08:01:46 localhost unix_chkpwd[22229]: password check failed for user (root)
Nov  5 08:01:47 localhost unix_chkpwd[22230]: password check failed for user (root)
Nov  5 08:01:47 localhost sshd[22227]: pam_unix(sshd:auth): authentication failure; logname= uid=0 euid=0 tty=ssh ruser= rhost=221.194.44.212  user=root
Nov  5 08:01:48 localhost sshd[22223]: Failed password for root from 121.18.238.125 port 38350 ssh2
Nov  5 08:01:48 localhost unix_chkpwd[22231]: password check failed for user (root)
Nov  5 08:01:49 localhost sshd[22227]: Failed password for root from 221.194.44.212 port 57688 ssh2
Nov  5 08:01:49 localhost unix_chkpwd[22232]: password check failed for user (root)
Nov  5 08:01:50 localhost sshd[22223]: Failed password for root from 121.18.238.125 port 38350 ssh2
Nov  5 08:01:50 localhost sshd[22224]: Received disconnect from 121.18.238.125: 11: 
Nov  5 08:01:50 localhost sshd[22223]: PAM 2 more authentication failures; logname= uid=0 euid=0 tty=ssh ruser= rhost=121.18.238.125  user=root
Nov  5 08:01:51 localhost sshd[22227]: Failed password for root from 221.194.44.212 port 57688 ssh2
Nov  5 08:01:51 localhost unix_chkpwd[22235]: password check failed for user (root)
Nov  5 08:01:52 localhost unix_chkpwd[22236]: password check failed for user (root)
Nov  5 08:01:52 localhost sshd[22233]: pam_unix(sshd:auth): authentication failure; logname= uid=0 euid=0 tty=ssh ruser= rhost=121.18.238.125  user=root
Nov  5 08:01:53 localhost sshd[22227]: Failed password for root from 221.194.44.212 port 57688 ssh2
Nov  5 08:01:53 localhost sshd[22233]: Failed password for root from 121.18.238.125 port 36920 ssh2
Nov  5 08:01:54 localhost sshd[22228]: Received disconnect from 221.194.44.212: 11: 
Nov  5 08:01:54 localhost sshd[22227]: PAM 2 more authentication failures; logname= uid=0 euid=0 tty=ssh ruser= rhost=221.194.44.212  user=root
Nov  5 08:01:54 localhost unix_chkpwd[22237]: password check failed for user (root)
Nov  5 08:01:56 localhost unix_chkpwd[22240]: password check failed for user (root)
Nov  5 08:01:56 localhost sshd[22238]: pam_unix(sshd:auth): authentication failure; logname= uid=0 euid=0 tty=ssh ruser= rhost=221.194.44.212  user=root
Nov  5 08:01:56 localhost sshd[22233]: Failed password for root from 121.18.238.125 port 36920 ssh2
Nov  5 08:01:57 localhost unix_chkpwd[22241]: password check failed for user (root)
Nov  5 08:01:57 localhost sshd[22238]: Failed password for root from 221.194.44.212 port 60892 ssh2
Nov  5 08:01:58 localhost unix_chkpwd[22242]: password check failed for user (root)
Nov  5 08:01:58 localhost sshd[22233]: Failed password for root from 121.18.238.125 port 36920 ssh2
Nov  5 08:01:58 localhost sshd[22234]: Received disconnect from 121.18.238.125: 11: 
Nov  5 08:01:58 localhost sshd[22233]: PAM 2 more authentication failures; logname= uid=0 euid=0 tty=ssh ruser= rhost=121.18.238.125  user=root
Nov  5 08:01:59 localhost sshd[22238]: Failed password for root from 221.194.44.212 port 60892 ssh2
Nov  5 08:01:59 localhost unix_chkpwd[22245]: password check failed for user (root)
Nov  5 08:02:00 localhost unix_chkpwd[22246]: password check failed for user (root)
Nov  5 08:02:00 localhost sshd[22243]: pam_unix(sshd:auth): authentication failure; logname= uid=0 euid=0 tty=ssh ruser= rhost=121.18.238.125  user=root
Nov  5 08:02:01 localhost sshd[22238]: Failed password for root from 221.194.44.212 port 60892 ssh2
Nov  5 08:02:01 localhost sshd[22239]: Received disconnect from 221.194.44.212: 11: 
Nov  5 08:02:01 localhost sshd[22238]: PAM 2 more authentication failures; logname= uid=0 euid=0 tty=ssh ruser= rhost=221.194.44.212  user=root
Nov  5 08:02:02 localhost sshd[22243]: Failed password for root from 121.18.238.125 port 41362 ssh2
Nov  5 08:02:03 localhost unix_chkpwd[22249]: password check failed for user (root)
Nov  5 08:02:03 localhost unix_chkpwd[22250]: password check failed for user (root)
Nov  5 08:02:03 localhost sshd[22247]: pam_unix(sshd:auth): authentication failure; logname= uid=0 euid=0 tty=ssh ruser= rhost=221.194.44.212  user=root
Nov  5 08:02:05 localhost sshd[22243]: Failed password for root from 121.18.238.125 port 41362 ssh2
Nov  5 08:02:05 localhost unix_chkpwd[22251]: password check failed for user (root)
Nov  5 08:02:05 localhost sshd[22247]: Failed password for root from 221.194.44.212 port 58906 ssh2
Nov  5 08:02:06 localhost unix_chkpwd[22252]: password check failed for user (root)
Nov  5 08:02:07 localhost sshd[22247]: Failed password for root from 221.194.44.212 port 58906 ssh2
